Archive member included to satisfy reference by file (symbol)

c:/program files (x86)/atmel/studio/7.0/toolchain/arm/arm-gnu-toolchain/bin/../lib/gcc/arm-none-eabi/6.3.1/thumb/v6-m\libgcc.a(_udivsi3.o)
                              src/ASF/common2/services/delay/sam0/systick_counter.o (__aeabi_uidiv)
c:/program files (x86)/atmel/studio/7.0/toolchain/arm/arm-gnu-toolchain/bin/../lib/gcc/arm-none-eabi/6.3.1/thumb/v6-m\libgcc.a(_dvmd_tls.o)
                              c:/program files (x86)/atmel/studio/7.0/toolchain/arm/arm-gnu-toolchain/bin/../lib/gcc/arm-none-eabi/6.3.1/thumb/v6-m\libgcc.a(_udivsi3.o) (__aeabi_idiv0)
c:/program files (x86)/atmel/studio/7.0/toolchain/arm/arm-gnu-toolchain/bin/../lib/gcc/arm-none-eabi/6.3.1/thumb/v6-m\libgcc.a(_muldi3.o)
                              src/ASF/sam0/drivers/sercom/sercom.o (__aeabi_lmul)
c:/program files (x86)/atmel/studio/7.0/toolchain/arm/arm-gnu-toolchain/bin/../lib/gcc/arm-none-eabi/6.3.1/../../../../arm-none-eabi/lib/thumb/v6-m\libc_nano.a(lib_a-exit.o)
                              c:/program files (x86)/atmel/studio/7.0/toolchain/arm/arm-gnu-toolchain/bin/../lib/gcc/arm-none-eabi/6.3.1/../../../../arm-none-eabi/lib/thumb/v6-m/crt0.o (exit)
c:/program files (x86)/atmel/studio/7.0/toolchain/arm/arm-gnu-toolchain/bin/../lib/gcc/arm-none-eabi/6.3.1/../../../../arm-none-eabi/lib/thumb/v6-m\libc_nano.a(lib_a-impure.o)
                              c:/program files (x86)/atmel/studio/7.0/toolchain/arm/arm-gnu-toolchain/bin/../lib/gcc/arm-none-eabi/6.3.1/../../../../arm-none-eabi/lib/thumb/v6-m\libc_nano.a(lib_a-exit.o) (_global_impure_ptr)
c:/program files (x86)/atmel/studio/7.0/toolchain/arm/arm-gnu-toolchain/bin/../lib/gcc/arm-none-eabi/6.3.1/../../../../arm-none-eabi/lib/thumb/v6-m\libc_nano.a(lib_a-init.o)
                              c:/program files (x86)/atmel/studio/7.0/toolchain/arm/arm-gnu-toolchain/bin/../lib/gcc/arm-none-eabi/6.3.1/../../../../arm-none-eabi/lib/thumb/v6-m/crt0.o (__libc_init_array)
c:/program files (x86)/atmel/studio/7.0/toolchain/arm/arm-gnu-toolchain/bin/../lib/gcc/arm-none-eabi/6.3.1/../../../../arm-none-eabi/lib/thumb/v6-m\libc_nano.a(lib_a-memset.o)
                              c:/program files (x86)/atmel/studio/7.0/toolchain/arm/arm-gnu-toolchain/bin/../lib/gcc/arm-none-eabi/6.3.1/../../../../arm-none-eabi/lib/thumb/v6-m/crt0.o (memset)
c:/program files (x86)/atmel/studio/7.0/toolchain/arm/arm-gnu-toolchain/bin/../lib/gcc/arm-none-eabi/6.3.1/../../../../arm-none-eabi/lib/thumb/v6-m\libc_nano.a(lib_a-printf.o)
                              src/main.o (printf)
c:/program files (x86)/atmel/studio/7.0/toolchain/arm/arm-gnu-toolchain/bin/../lib/gcc/arm-none-eabi/6.3.1/../../../../arm-none-eabi/lib/thumb/v6-m\libc_nano.a(lib_a-puts.o)
                              src/main.o (puts)
c:/program files (x86)/atmel/studio/7.0/toolchain/arm/arm-gnu-toolchain/bin/../lib/gcc/arm-none-eabi/6.3.1/../../../../arm-none-eabi/lib/thumb/v6-m\libc_nano.a(lib_a-setbuf.o)
                              src/init/Debug_Serial_Init.o (setbuf)
c:/program files (x86)/atmel/studio/7.0/toolchain/arm/arm-gnu-toolchain/bin/../lib/gcc/arm-none-eabi/6.3.1/../../../../arm-none-eabi/lib/thumb/v6-m\libc_nano.a(lib_a-setvbuf.o)
                              c:/program files (x86)/atmel/studio/7.0/toolchain/arm/arm-gnu-toolchain/bin/../lib/gcc/arm-none-eabi/6.3.1/../../../../arm-none-eabi/lib/thumb/v6-m\libc_nano.a(lib_a-setbuf.o) (setvbuf)
c:/program files (x86)/atmel/studio/7.0/toolchain/arm/arm-gnu-toolchain/bin/../lib/gcc/arm-none-eabi/6.3.1/../../../../arm-none-eabi/lib/thumb/v6-m\libc_nano.a(lib_a-wbuf.o)
                              c:/program files (x86)/atmel/studio/7.0/toolchain/arm/arm-gnu-toolchain/bin/../lib/gcc/arm-none-eabi/6.3.1/../../../../arm-none-eabi/lib/thumb/v6-m\libc_nano.a(lib_a-puts.o) (__swbuf_r)
c:/program files (x86)/atmel/studio/7.0/toolchain/arm/arm-gnu-toolchain/bin/../lib/gcc/arm-none-eabi/6.3.1/../../../../arm-none-eabi/lib/thumb/v6-m\libc_nano.a(lib_a-wsetup.o)
                              c:/program files (x86)/atmel/studio/7.0/toolchain/arm/arm-gnu-toolchain/bin/../lib/gcc/arm-none-eabi/6.3.1/../../../../arm-none-eabi/lib/thumb/v6-m\libc_nano.a(lib_a-puts.o) (__swsetup_r)
c:/program files (x86)/atmel/studio/7.0/toolchain/arm/arm-gnu-toolchain/bin/../lib/gcc/arm-none-eabi/6.3.1/../../../../arm-none-eabi/lib/thumb/v6-m\libc_nano.a(lib_a-fflush.o)
                              c:/program files (x86)/atmel/studio/7.0/toolchain/arm/arm-gnu-toolchain/bin/../lib/gcc/arm-none-eabi/6.3.1/../../../../arm-none-eabi/lib/thumb/v6-m\libc_nano.a(lib_a-setvbuf.o) (_fflush_r)
c:/program files (x86)/atmel/studio/7.0/toolchain/arm/arm-gnu-toolchain/bin/../lib/gcc/arm-none-eabi/6.3.1/../../../../arm-none-eabi/lib/thumb/v6-m\libc_nano.a(lib_a-findfp.o)
[...]
Memory Configuration

Name             Origin             Length             Attributes
rom              0x00000000         0x00040000         xr
ram              0x20000000         0x00008000         xrw
lpram            0x30000000         0x00002000         xrw
*default*        0x00000000         0xffffffff

Linker script and memory map

LOAD c:/program files (x86)/atmel/studio/7.0/toolchain/arm/arm-gnu-toolchain/bin/../lib/gcc/arm-none-eabi/6.3.1/thumb/v6-m/crti.o
LOAD c:/program files (x86)/atmel/studio/7.0/toolchain/arm/arm-gnu-toolchain/bin/../lib/gcc/arm-none-eabi/6.3.1/thumb/v6-m/crtbegin.o
LOAD c:/program files (x86)/atmel/studio/7.0/toolchain/arm/arm-gnu-toolchain/bin/../lib/gcc/arm-none-eabi/6.3.1/../../../../arm-none-eabi/lib/thumb/v6-m/crt0.o
LOAD src/aes/aes.o
LOAD src/ASF/common2/services/delay/sam0/systick_counter.o
LOAD src/ASF/common/utils/interrupt/interrupt_sam_nvic.o
LOAD src/ASF/sam0/boards/saml21_xplained_pro/board_init.o
LOAD src/ASF/sam0/drivers/aes/aes.o
LOAD src/ASF/sam0/drivers/port/port.o
LOAD src/ASF/sam0/drivers/sercom/sercom.o
LOAD src/ASF/sam0/drivers/sercom/usart/usart.o
LOAD src/ASF/sam0/drivers/system/clock/clock_saml21/clock.o
LOAD src/ASF/sam0/drivers/system/clock/clock_saml21/gclk.o
LOAD src/ASF/sam0/drivers/system/interrupt/system_interrupt.o
LOAD src/ASF/sam0/drivers/system/pinmux/pinmux.o
LOAD src/ASF/sam0/drivers/system/system.o
LOAD src/ASF/sam0/utils/cmsis/saml21/source/gcc/startup_saml21.o
LOAD src/ASF/sam0/utils/cmsis/saml21/source/system_saml21.o
LOAD src/ASF/sam0/utils/stdio/read.o
LOAD src/ASF/sam0/utils/stdio/write.o
LOAD src/ASF/sam0/utils/syscalls/gcc/syscalls.o
LOAD src/init/Debug_Serial_Init.o
LOAD src/main.o
START GROUP
LOAD ../src/ASF/thirdparty/CMSIS/Lib/GCC\libarm_cortexM0l_math.a
LOAD c:/program files (x86)/atmel/studio/7.0/toolchain/arm/arm-gnu-toolchain/bin/../lib/gcc/arm-none-eabi/6.3.1/../../../../arm-none-eabi/lib/thumb/v6-m\libm.a
END GROUP
START GROUP
LOAD c:/program files (x86)/atmel/studio/7.0/toolchain/arm/arm-gnu-toolchain/bin/../lib/gcc/arm-none-eabi/6.3.1/thumb/v6-m\libgcc.a
LOAD c:/program files (x86)/atmel/studio/7.0/toolchain/arm/arm-gnu-toolchain/bin/../lib/gcc/arm-none-eabi/6.3.1/../../../../arm-none-eabi/lib/thumb/v6-m\libc_nano.a
END GROUP
START GROUP
LOAD c:/program files (x86)/atmel/studio/7.0/toolchain/arm/arm-gnu-toolchain/bin/../lib/gcc/arm-none-eabi/6.3.1/thumb/v6-m\libgcc.a
LOAD c:/program files (x86)/atmel/studio/7.0/toolchain/arm/arm-gnu-toolchain/bin/../lib/gcc/arm-none-eabi/6.3.1/../../../../arm-none-eabi/lib/thumb/v6-m\libc_nano.a
END GROUP
LOAD c:/program files (x86)/atmel/studio/7.0/toolchain/arm/arm-gnu-toolchain/bin/../lib/gcc/arm-none-eabi/6.3.1/thumb/v6-m/crtend.o
LOAD c:/program files (x86)/atmel/studio/7.0/toolchain/arm/arm-gnu-toolchain/bin/../lib/gcc/arm-none-eabi/6.3.1/thumb/v6-m/crtn.o
                0x00002000                STACK_SIZE = DEFINED (STACK_SIZE)?STACK_SIZE:DEFINED (__stack_size__)?__stack_size__:0x2000

.text           0x00000000     0x3bb8
                0x00000000                . = ALIGN (0x4)
                0x00000000                _sfixed = .
 *(.vectors .vectors.*)
 .vectors       0x00000000       0xb4 src/ASF/sam0/utils/cmsis/saml21/source/gcc/startup_saml21.o
                0x00000000                exception_table
 *(.text .text.* .gnu.linkonce.t.*)
 .text          0x000000b4       0x60 c:/program files (x86)/atmel/studio/7.0/toolchain/arm/arm-gnu-toolchain/bin/../lib/gcc/arm-none-eabi/6.3.1/thumb/v6-m/crtbegin.o
 .text.key_expansion_core
                0x00000114       0xa8 src/aes/aes.o
                0x00000114                key_expansion_core
 .text.key_expansion
                0x000001bc       0xcc src/aes/aes.o
                0x000001bc                key_expansion
 .text.byte_substitution
                0x00000288       0x54 src/aes/aes.o
                0x00000288                byte_substitution
 .text.shift_rows
                0x000002dc       0xea src/aes/aes.o
                0x000002dc                shift_rows
 *fill*         0x000003c6        0x2 
 .text.mix_columns
                0x000003c8      0x3ac src/aes/aes.o
                0x000003c8                mix_columns
 .text.add_roundkey
                0x00000774       0x5c src/aes/aes.o
                0x00000774                add_roundkey
 .text.aes_encrypt
                0x000007d0      0x150 src/aes/aes.o
                0x000007d0                aes_encrypt
 .text.cpu_irq_enter_critical
                0x00000920       0x54 src/ASF/common/utils/interrupt/interrupt_sam_nvic.o
                0x00000920                cpu_irq_enter_critical
 .text.cpu_irq_leave_critical
                0x00000974       0x40 src/ASF/common/utils/interrupt/interrupt_sam_nvic.o
                0x00000974                cpu_irq_leave_critical
 .text.system_pinmux_get_group_from_gpio_pin
                0x000009b4       0x60 src/ASF/sam0/boards/saml21_xplained_pro/board_init.o
 .text.port_get_group_from_gpio_pin
                0x00000a14       0x24 src/ASF/sam0/boards/saml21_xplained_pro/board_init.o
 .text.port_get_config_defaults
                0x00000a38       0x22 src/ASF/sam0/boards/saml21_xplained_pro/board_init.o
 *fill*         0x00000a5a        0x2 
 .text.port_pin_set_output_level
                0x00000a5c       0x54 src/ASF/sam0/boards/saml21_xplained_pro/board_init.o
 .text.system_board_init
                0x00000ab0       0x50 src/ASF/sam0/boards/saml21_xplained_pro/board_init.o
                0x00000ab0                board_init
                0x00000ab0                system_board_init
 .text.system_pinmux_get_config_defaults
                0x00000b00       0x28 src/ASF/sam0/drivers/port/port.o
 .text.port_pin_set_config
                0x00000b28       0x60 src/ASF/sam0/drivers/port/port.o
                0x00000b28                port_pin_set_config
 .text.system_gclk_chan_get_config_defaults
                0x00000b88       0x16 src/ASF/sam0/drivers/sercom/sercom.o
 .text.long_division
                0x00000b9e       0xe0 src/ASF/sam0/drivers/sercom/sercom.o
 .text._sercom_get_sync_baud_val
                0x00000c7e       0x7c src/ASF/sam0/drivers/sercom/sercom.o
                0x00000c7e                _sercom_get_sync_baud_val
 *fill*         0x00000cfa        0x2 
 .text._sercom_get_async_baud_val
                0x00000cfc      0x1c0 src/ASF/sam0/drivers/sercom/sercom.o
                0x00000cfc                _sercom_get_async_baud_val
 .text.sercom_set_gclk_generator
                0x00000ebc       0x8c src/ASF/sam0/drivers/sercom/sercom.o
                0x00000ebc                sercom_set_gclk_generator
 .text._sercom_get_default_pad
                0x00000f48      0x1bc src/ASF/sam0/drivers/sercom/sercom.o
                0x00000f48                _sercom_get_default_pad
 .text._sercom_get_sercom_inst_index
                0x00001104       0x50 src/ASF/sam0/drivers/sercom/sercom.o
                0x00001104                _sercom_get_sercom_inst_index
 .text.system_gclk_chan_get_config_defaults
                0x00001154       0x16 src/ASF/sam0/drivers/sercom/usart/usart.o
 *fill*         0x0000116a        0x2 
 .text.system_apb_clock_set_mask
                0x0000116c       0x7c src/ASF/sam0/drivers/sercom/usart/usart.o
 .text.system_pinmux_get_config_defaults
                0x000011e8       0x28 src/ASF/sam0/drivers/sercom/usart/usart.o
 .text.system_is_debugger_present
                0x00001210       0x20 src/ASF/sam0/drivers/sercom/usart/usart.o
 .text.usart_is_syncing
                0x00001230       0x20 src/ASF/sam0/drivers/sercom/usart/usart.o
 .text._usart_wait_for_sync
                0x00001250       0x24 src/ASF/sam0/drivers/sercom/usart/usart.o
 .text._usart_set_config
                0x00001274      0x2dc src/ASF/sam0/drivers/sercom/usart/usart.o
 .text.usart_init
                0x00001550      0x204 src/ASF/sam0/drivers/sercom/usart/usart.o
                0x00001550                usart_init
 .text.usart_write_wait
                0x00001754       0x68 src/ASF/sam0/drivers/sercom/usart/usart.o
                0x00001754                usart_write_wait
 .text.usart_read_wait
                0x000017bc       0xe0 src/ASF/sam0/drivers/sercom/usart/usart.o
                0x000017bc                usart_read_wait
 .text.system_gclk_gen_get_config_defaults
                0x0000189c       0x2e src/ASF/sam0/drivers/system/clock/clock_saml21/clock.o
 *fill*         0x000018ca        0x2 
 .text.system_main_clock_set_failure_detect
                0x000018cc       0x44 src/ASF/sam0/drivers/system/clock/clock_saml21/clock.o
 .text.system_cpu_clock_set_divider
                0x00001910       0x28 src/ASF/sam0/drivers/system/clock/clock_saml21/clock.o
 .text.system_low_power_clock_set_divider
                0x00001938       0x28 src/ASF/sam0/drivers/system/clock/clock_saml21/clock.o
 .text.system_backup_clock_set_divider
                0x00001960       0x28 src/ASF/sam0/drivers/system/clock/clock_saml21/clock.o
 .text.system_cpu_clock_get_hz
                0x00001988       0x30 src/ASF/sam0/drivers/system/clock/clock_saml21/clock.o
 .text.system_flash_set_waitstates
                0x000019b8       0x34 src/ASF/sam0/drivers/system/clock/clock_saml21/clock.o
 .text.system_switch_performance_level
                0x000019ec       0x4a src/ASF/sam0/drivers/system/clock/clock_saml21/clock.o
 *fill*         0x00001a36        0x2 
 .text._system_dfll_wait_for_sync
                0x00001a38       0x1c src/ASF/sam0/drivers/system/clock/clock_saml21/clock.o
 .text.system_clock_source_get_hz
                0x00001a54       0xc0 src/ASF/sam0/drivers/system/clock/clock_saml21/clock.o
                0x00001a54                system_clock_source_get_hz
 .text.system_clock_init
                0x00001b14       0xd8 src/ASF/sam0/drivers/system/clock/clock_saml21/clock.o
                0x00001b14                system_clock_init
 .text.system_apb_clock_set_mask
                0x00001bec       0x7c src/ASF/sam0/drivers/system/clock/clock_saml21/gclk.o
 .text.system_interrupt_enter_critical_section
                0x00001c68       0x14 src/ASF/sam0/drivers/system/clock/clock_saml21/gclk.o
 .text.system_interrupt_leave_critical_section
                0x00001c7c       0x14 src/ASF/sam0/drivers/system/clock/clock_saml21/gclk.o
 .text.system_gclk_is_syncing
                0x00001c90       0x3c src/ASF/sam0/drivers/system/clock/clock_saml21/gclk.o
 .text.system_gclk_init
                0x00001ccc       0x30 src/ASF/sam0/drivers/system/clock/clock_saml21/gclk.o
                0x00001ccc                system_gclk_init
 .text.system_gclk_gen_set_config
                0x00001cfc      0x110 src/ASF/sam0/drivers/system/clock/clock_saml21/gclk.o
                0x00001cfc                system_gclk_gen_set_config
 .text.system_gclk_gen_enable
                0x00001e0c       0x5c src/ASF/sam0/drivers/system/clock/clock_saml21/gclk.o
                0x00001e0c                system_gclk_gen_enable
 .text.system_gclk_gen_get_hz
                0x00001e68       0xc0 src/ASF/sam0/drivers/system/clock/clock_saml21/gclk.o
                0x00001e68                system_gclk_gen_get_hz
 .text.system_gclk_chan_set_config
                0x00001f28       0x40 src/ASF/sam0/drivers/system/clock/clock_saml21/gclk.o
                0x00001f28                system_gclk_chan_set_config
 .text.system_gclk_chan_enable
                0x00001f68       0x58 src/ASF/sam0/drivers/system/clock/clock_saml21/gclk.o
                0x00001f68                system_gclk_chan_enable
 .text.system_gclk_chan_disable
                0x00001fc0       0x58 src/ASF/sam0/drivers/system/clock/clock_saml21/gclk.o
                0x00001fc0                system_gclk_chan_disable
 .text.system_gclk_chan_get_hz
                0x00002018       0x54 src/ASF/sam0/drivers/system/clock/clock_saml21/gclk.o
                0x00002018                system_gclk_chan_get_hz
 .text.system_pinmux_get_group_from_gpio_pin
                0x0000206c       0x60 src/ASF/sam0/drivers/system/pinmux/pinmux.o
 .text._system_pinmux_config
                0x000020cc      0x110 src/ASF/sam0/drivers/system/pinmux/pinmux.o
 .text.system_pinmux_pin_set_config
                0x000021dc       0x48 src/ASF/sam0/drivers/system/pinmux/pinmux.o
                0x000021dc                system_pinmux_pin_set_config
 .text._system_dummy_init
                0x00002224        0xa src/ASF/sam0/drivers/system/system.o
                0x00002224                _system_extint_init
                0x00002224                _system_events_init
                0x00002224                _system_dummy_init
                0x00002224                _system_divas_init
 *fill*         0x0000222e        0x2 
 .text.system_init
                0x00002230       0x34 src/ASF/sam0/drivers/system/system.o
                0x00002230                system_init
 .text.Reset_Handler
                0x00002264       0x94 src/ASF/sam0/utils/cmsis/saml21/source/gcc/startup_saml21.o
                0x00002264                Reset_Handler
 .text.Dummy_Handler
                0x000022f8        0x6 src/ASF/sam0/utils/cmsis/saml21/source/gcc/startup_saml21.o
                0x000022f8                DMAC_Handler
                0x000022f8                TRNG_Handler
                0x000022f8                HardFault_Handler
                0x000022f8                TC2_Handler
                0x000022f8                AC_Handler
                0x000022f8                SysTick_Handler
                0x000022f8                PendSV_Handler
                0x000022f8                NMI_Handler
                0x000022f8                SERCOM1_Handler
                0x000022f8                ADC_Handler
                0x000022f8                TCC1_Handler
                0x000022f8                SERCOM2_Handler
                0x000022f8                TCC0_Handler
                0x000022f8                RTC_Handler
                0x000022f8                EIC_Handler
                0x000022f8                WDT_Handler
                0x000022f8                TC4_Handler
                0x000022f8                TC1_Handler
                0x000022f8                USB_Handler
                0x000022f8                TC3_Handler
                0x000022f8                Dummy_Handler
                0x000022f8                SERCOM5_Handler
                0x000022f8                SVC_Handler
                0x000022f8                TCC2_Handler
                0x000022f8                EVSYS_Handler
                0x000022f8                SERCOM3_Handler
                0x000022f8                SERCOM4_Handler
                0x000022f8                NVMCTRL_Handler
                0x000022f8                SYSTEM_Handler
                0x000022f8                SERCOM0_Handler
                0x000022f8                DAC_Handler
                0x000022f8                PTC_Handler
                0x000022f8                TC0_Handler
                0x000022f8                AES_Handler
 *fill*         0x000022fe        0x2 
 .text._read    0x00002300       0x54 src/ASF/sam0/utils/stdio/read.o
                0x00002300                _read
 .text._write   0x00002354       0x6c src/ASF/sam0/utils/stdio/write.o
                0x00002354                _write
 .text._sbrk    0x000023c0       0x3c src/ASF/sam0/utils/syscalls/gcc/syscalls.o
                0x000023c0                _sbrk
 .text._close   0x000023fc       0x14 src/ASF/sam0/utils/syscalls/gcc/syscalls.o
                0x000023fc                _close
 .text._fstat   0x00002410       0x1c src/ASF/sam0/utils/syscalls/gcc/syscalls.o
                0x00002410                _fstat
 .text._isatty  0x0000242c       0x12 src/ASF/sam0/utils/syscalls/gcc/syscalls.o
                0x0000242c                _isatty
 .text._lseek   0x0000243e       0x16 src/ASF/sam0/utils/syscalls/gcc/syscalls.o
                0x0000243e                _lseek
 .text.usart_is_syncing
                0x00002454       0x20 src/init/Debug_Serial_Init.o
 .text._usart_wait_for_sync
                0x00002474       0x24 src/init/Debug_Serial_Init.o
 .text.usart_get_config_defaults
                0x00002498       0xbe src/init/Debug_Serial_Init.o
 *fill*         0x00002556        0x2 
 .text.usart_enable
                0x00002558       0x30 src/init/Debug_Serial_Init.o
 .text.usart_serial_init
                0x00002588       0x30 src/init/Debug_Serial_Init.o
 .text.usart_serial_putchar
                0x000025b8       0x34 src/init/Debug_Serial_Init.o
 .text.usart_serial_getchar
                0x000025ec       0x40 src/init/Debug_Serial_Init.o
 .text.stdio_serial_init
                0x0000262c       0x70 src/init/Debug_Serial_Init.o
 .text.debug_serial_init
                0x0000269c       0x74 src/init/Debug_Serial_Init.o
                0x0000269c                debug_serial_init
 .text.main     0x00002710       0xc8 src/main.o
                0x00002710                main
 .text          0x000027d8      0x114 c:/program files (x86)/atmel/studio/7.0/toolchain/arm/arm-gnu-toolchain/bin/../lib/gcc/arm-none-eabi/6.3.1/thumb/v6-m\libgcc.a(_udivsi3.o)
                0x000027d8                __aeabi_uidiv
                0x000027d8                __udivsi3
                0x000028e4                __aeabi_uidivmod
 .text          0x000028ec        0x4 c:/program files (x86)/atmel/studio/7.0/toolchain/arm/arm-gnu-toolchain/bin/../lib/gcc/arm-none-eabi/6.3.1/thumb/v6-m\libgcc.a(_dvmd_tls.o)
                0x000028ec                __aeabi_idiv0
                0x000028ec                __aeabi_ldiv0
 .text          0x000028f0       0x54 c:/program files (x86)/atmel/studio/7.0/toolchain/arm/arm-gnu-toolchain/bin/../lib/gcc/arm-none-eabi/6.3.1/thumb/v6-m\libgcc.a(_muldi3.o)
                0x000028f0                __muldi3
                0x000028f0                __aeabi_lmul
 .text.__libc_init_array
                0x00002944       0x48 c:/program files (x86)/atmel/studio/7.0/toolchain/arm/arm-gnu-toolchain/bin/../lib/gcc/arm-none-eabi/6.3.1/../../../../arm-none-eabi/lib/thumb/v6-m\libc_nano.a(lib_a-init.o)
                0x00002944                __libc_init_array
 .text.memset   0x0000298c       0x10 c:/program files (x86)/atmel/studio/7.0/toolchain/arm/arm-gnu-toolchain/bin/../lib/gcc/arm-none-eabi/6.3.1/../../../../arm-none-eabi/lib/thumb/v6-m\libc_nano.a(lib_a-memset.o)
                0x0000298c                memset
 .text.printf   0x0000299c       0x34 c:/program files (x86)/atmel/studio/7.0/toolchain/arm/arm-gnu-toolchain/bin/../lib/gcc/arm-none-eabi/6.3.1/../../../../arm-none-eabi/lib/thumb/v6-m\libc_nano.a(lib_a-printf.o)
                0x0000299c                iprintf
                0x0000299c                printf
 .text._puts_r  0x000029d0       0xc0 c:/program files (x86)/atmel/studio/7.0/toolchain/arm/arm-gnu-toolchain/bin/../lib/gcc/arm-none-eabi/6.3.1/../../../../arm-none-eabi/lib/thumb/v6-m\libc_nano.a(lib_a-puts.o)
                0x000029d0                _puts_r
 .text.puts     0x00002a90       0x14 c:/program files (x86)/atmel/studio/7.0/toolchain/arm/arm-gnu-toolchain/bin/../lib/gcc/arm-none-eabi/6.3.1/../../../../arm-none-eabi/lib/thumb/v6-m\libc_nano.a(lib_a-puts.o)
                0x00002a90                puts
 .text.setbuf   0x00002aa4       0x12 c:/program files (x86)/atmel/studio/7.0/toolchain/arm/arm-gnu-toolchain/bin/../lib/gcc/arm-none-eabi/6.3.1/../../../../arm-none-eabi/lib/thumb/v6-m\libc_nano.a(lib_a-setbuf.o)
                0x00002aa4                setbuf
 *fill*         0x00002ab6        0x2 
 .text.setvbuf  0x00002ab8      0x158 c:/program files (x86)/atmel/studio/7.0/toolchain/arm/arm-gnu-toolchain/bin/../lib/gcc/arm-none-eabi/6.3.1/../../../../arm-none-eabi/lib/thumb/v6-m\libc_nano.a(lib_a-setvbuf.o)
                0x00002ab8                setvbuf
 .text.__swbuf_r
                0x00002c10       0xac c:/program files (x86)/atmel/studio/7.0/toolchain/arm/arm-gnu-toolchain/bin/../lib/gcc/arm-none-eabi/6.3.1/../../../../arm-none-eabi/lib/thumb/v6-m\libc_nano.a(lib_a-wbuf.o)
                0x00002c10                __swbuf_r
 .text.__swsetup_r
                0x00002cbc       0xec c:/program files (x86)/atmel/studio/7.0/toolchain/arm/arm-gnu-toolchain/bin/../lib/gcc/arm-none-eabi/6.3.1/../../../../arm-none-eabi/lib/thumb/v6-m\libc_nano.a(lib_a-wsetup.o)
                0x00002cbc                __swsetup_r
 .text.__sflush_r
                0x00002da8      0x114 c:/program files (x86)/atmel/studio/7.0/toolchain/arm/arm-gnu-toolchain/bin/../lib/gcc/arm-none-eabi/6.3.1/../../../../arm-none-eabi/lib/thumb/v6-m\libc_nano.a(lib_a-fflush.o)
                0x00002da8                __sflush_r
 .text._fflush_r
                0x00002ebc       0x58 c:/program files (x86)/atmel/studio/7.0/toolchain/arm/arm-gnu-toolchain/bin/../lib/gcc/arm-none-eabi/6.3.1/../../../../arm-none-eabi/lib/thumb/v6-m\libc_nano.a(lib_a-fflush.o)
                0x00002ebc                _fflush_r
 .text._cleanup_r
                0x00002f14       0x10 c:/program files (x86)/atmel/studio/7.0/toolchain/arm/arm-gnu-toolchain/bin/../lib/gcc/arm-none-eabi/6.3.1/../../../../arm-none-eabi/lib/thumb/v6-m\libc_nano.a(lib_a-findfp.o)
                0x00002f14                _cleanup_r
 .text.std.isra.0
                0x00002f24       0x48 c:/program files (x86)/atmel/studio/7.0/toolchain/arm/arm-gnu-toolchain/bin/../lib/gcc/arm-none-eabi/6.3.1/../../../../arm-none-eabi/lib/thumb/v6-m\libc_nano.a(lib_a-findfp.o)
 .text.__sfmoreglue
                0x00002f6c       0x2c c:/program files (x86)/atmel/studio/7.0/toolchain/arm/arm-gnu-toolchain/bin/../lib/gcc/arm-none-eabi/6.3.1/../../../../arm-none-eabi/lib/thumb/v6-m\libc_nano.a(lib_a-findfp.o)
                0x00002f6c                __sfmoreglue
 .text.__sinit  0x00002f98       0x68 c:/program files (x86)/atmel/studio/7.0/toolchain/arm/arm-gnu-toolchain/bin/../lib/gcc/arm-none-eabi/6.3.1/../../../../arm-none-eabi/lib/thumb/v6-m\libc_nano.a(lib_a-findfp.o)
                0x00002f98                __sinit
 .text.__sfp    0x00003000       0x80 c:/program files (x86)/atmel/studio/7.0/toolchain/arm/arm-gnu-toolchain/bin/../lib/gcc/arm-none-eabi/6.3.1/../../../../arm-none-eabi/lib/thumb/v6-m\libc_nano.a(lib_a-findfp.o)
                0x00003000                __sfp
 .text._fwalk_reent
                0x00003080       0x42 c:/program files (x86)/atmel/studio/7.0/toolchain/arm/arm-gnu-toolchain/bin/../lib/gcc/arm-none-eabi/6.3.1/../../../../arm-none-eabi/lib/thumb/v6-m\libc_nano.a(lib_a-fwalk.o)
                0x00003080                _fwalk_reent
 *fill*         0x000030c2        0x2 
 .text.__swhatbuf_r
                0x000030c4       0x50 c:/program files (x86)/atmel/studio/7.0/toolchain/arm/arm-gnu-toolchain/bin/../lib/gcc/arm-none-eabi/6.3.1/../../../../arm-none-eabi/lib/thumb/v6-m\libc_nano.a(lib_a-makebuf.o)
                0x000030c4                __swhatbuf_r
 .text.__smakebuf_r
                0x00003114       0x88 c:/program files (x86)/atmel/studio/7.0/toolchain/arm/arm-gnu-toolchain/bin/../lib/gcc/arm-none-eabi/6.3.1/../../../../arm-none-eabi/lib/thumb/v6-m\libc_nano.a(lib_a-makebuf.o)
                0x00003114                __smakebuf_r
 .text.malloc   0x0000319c       0x14 c:/program files (x86)/atmel/studio/7.0/toolchain/arm/arm-gnu-toolchain/bin/../lib/gcc/arm-none-eabi/6.3.1/../../../../arm-none-eabi/lib/thumb/v6-m\libc_nano.a(lib_a-malloc.o)
                0x0000319c                malloc
 .text._free_r  0x000031b0       0x94 c:/program files (x86)/atmel/studio/7.0/toolchain/arm/arm-gnu-toolchain/bin/../lib/gcc/arm-none-eabi/6.3.1/../../../../arm-none-eabi/lib/thumb/v6-m\libc_nano.a(lib_a-nano-freer.o)
                0x000031b0                _free_r
 .text._malloc_r
                0x00003244       0xbc c:/program files (x86)/atmel/studio/7.0/toolchain/arm/arm-gnu-toolchain/bin/../lib/gcc/arm-none-eabi/6.3.1/../../../../arm-none-eabi/lib/thumb/v6-m\libc_nano.a(lib_a-nano-mallocr.o)
                0x00003244                _malloc_r
 .text.__sfputc_r
                0x00003300       0x2a c:/program files (x86)/atmel/studio/7.0/toolchain/arm/arm-gnu-toolchain/bin/../lib/gcc/arm-none-eabi/6.3.1/../../../../arm-none-eabi/lib/thumb/v6-m\libc_nano.a(lib_a-nano-vfprintf.o)
 .text.__sfputs_r
                0x0000332a       0x24 c:/program files (x86)/atmel/studio/7.0/toolchain/arm/arm-gnu-toolchain/bin/../lib/gcc/arm-none-eabi/6.3.1/../../../../arm-none-eabi/lib/thumb/v6-m\libc_nano.a(lib_a-nano-vfprintf.o)
                0x0000332a                __sfputs_r
 *fill*         0x0000334e        0x2 
 .text._vfprintf_r
                0x00003350      0x238 c:/program files (x86)/atmel/studio/7.0/toolchain/arm/arm-gnu-toolchain/bin/../lib/gcc/arm-none-eabi/6.3.1/../../../../arm-none-eabi/lib/thumb/v6-m\libc_nano.a(lib_a-nano-vfprintf.o)
                0x00003350                _vfprintf_r
                0x00003350                _vfiprintf_r
 .text._printf_common
                0x00003588       0xda c:/program files (x86)/atmel/studio/7.0/toolchain/arm/arm-gnu-toolchain/bin/../lib/gcc/arm-none-eabi/6.3.1/../../../../arm-none-eabi/lib/thumb/v6-m\libc_nano.a(lib_a-nano-vfprintf_i.o)
                0x00003588                _printf_common
 *fill*         0x00003662        0x2 
 .text._printf_i
                0x00003664      0x234 c:/program files (x86)/atmel/studio/7.0/toolchain/arm/arm-gnu-toolchain/bin/../lib/gcc/arm-none-eabi/6.3.1/../../../../arm-none-eabi/lib/thumb/v6-m\libc_nano.a(lib_a-nano-vfprintf_i.o)
                0x00003664                _printf_i
 .text._sbrk_r  0x00003898       0x24 c:/program files (x86)/atmel/studio/7.0/toolchain/arm/arm-gnu-toolchain/bin/../lib/gcc/arm-none-eabi/6.3.1/../../../../arm-none-eabi/lib/thumb/v6-m\libc_nano.a(lib_a-sbrkr.o)
                0x00003898                _sbrk_r
 .text.__sread  0x000038bc       0x28 c:/program files (x86)/atmel/studio/7.0/toolchain/arm/arm-gnu-toolchain/bin/../lib/gcc/arm-none-eabi/6.3.1/../../../../arm-none-eabi/lib/thumb/v6-m\libc_nano.a(lib_a-stdio.o)
                0x000038bc                __sread
 .text.__swrite
                0x000038e4       0x38 c:/program files (x86)/atmel/studio/7.0/toolchain/arm/arm-gnu-toolchain/bin/../lib/gcc/arm-none-eabi/6.3.1/../../../../arm-none-eabi/lib/thumb/v6-m\libc_nano.a(lib_a-stdio.o)
                0x000038e4                __swrite
 .text.__sseek  0x0000391c       0x2c c:/program files (x86)/atmel/studio/7.0/toolchain/arm/arm-gnu-toolchain/bin/../lib/gcc/arm-none-eabi/6.3.1/../../../../arm-none-eabi/lib/thumb/v6-m\libc_nano.a(lib_a-stdio.o)
                0x0000391c                __sseek
 .text.__sclose
                0x00003948        0xc c:/program files (x86)/atmel/studio/7.0/toolchain/arm/arm-gnu-toolchain/bin/../lib/gcc/arm-none-eabi/6.3.1/../../../../arm-none-eabi/lib/thumb/v6-m\libc_nano.a(lib_a-stdio.o)
                0x00003948                __sclose
 .text._write_r
                0x00003954       0x28 c:/program files (x86)/atmel/studio/7.0/toolchain/arm/arm-gnu-toolchain/bin/../lib/gcc/arm-none-eabi/6.3.1/../../../../arm-none-eabi/lib/thumb/v6-m\libc_nano.a(lib_a-writer.o)
                0x00003954                _write_r
 .text._close_r
                0x0000397c       0x24 c:/program files (x86)/atmel/studio/7.0/toolchain/arm/arm-gnu-toolchain/bin/../lib/gcc/arm-none-eabi/6.3.1/../../../../arm-none-eabi/lib/thumb/v6-m\libc_nano.a(lib_a-closer.o)
                0x0000397c                _close_r
 .text._fstat_r
                0x000039a0       0x24 c:/program files (x86)/atmel/studio/7.0/toolchain/arm/arm-gnu-toolchain/bin/../lib/gcc/arm-none-eabi/6.3.1/../../../../arm-none-eabi/lib/thumb/v6-m\libc_nano.a(lib_a-fstatr.o)
                0x000039a0                _fstat_r
 .text._isatty_r
                0x000039c4       0x24 c:/program files (x86)/atmel/studio/7.0/toolchain/arm/arm-gnu-toolchain/bin/../lib/gcc/arm-none-eabi/6.3.1/../../../../arm-none-eabi/lib/thumb/v6-m\libc_nano.a(lib_a-isattyr.o)
                0x000039c4                _isatty_r
 .text._lseek_r
                0x000039e8       0x28 c:/program files (x86)/atmel/studio/7.0/toolchain/arm/arm-gnu-toolchain/bin/../lib/gcc/arm-none-eabi/6.3.1/../../../../arm-none-eabi/lib/thumb/v6-m\libc_nano.a(lib_a-lseekr.o)
                0x000039e8                _lseek_r
 .text.memchr   0x00003a10       0x16 c:/program files (x86)/atmel/studio/7.0/toolchain/arm/arm-gnu-toolchain/bin/../lib/gcc/arm-none-eabi/6.3.1/../../../../arm-none-eabi/lib/thumb/v6-m\libc_nano.a(lib_a-memchr-stub.o)
                0x00003a10                memchr
 .text.__malloc_lock
                0x00003a26        0x2 c:/program files (x86)/atmel/studio/7.0/toolchain/arm/arm-gnu-toolchain/bin/../lib/gcc/arm-none-eabi/6.3.1/../../../../arm-none-eabi/lib/thumb/v6-m\libc_nano.a(lib_a-mlock.o)
                0x00003a26                __malloc_lock
 .text.__malloc_unlock
                0x00003a28        0x2 c:/program files (x86)/atmel/studio/7.0/toolchain/arm/arm-gnu-toolchain/bin/../lib/gcc/arm-none-eabi/6.3.1/../../../../arm-none-eabi/lib/thumb/v6-m\libc_nano.a(lib_a-mlock.o)
                0x00003a28                __malloc_unlock
 *fill*         0x00003a2a        0x2 
 .text._read_r  0x00003a2c       0x28 c:/program files (x86)/atmel/studio/7.0/toolchain/arm/arm-gnu-toolchain/bin/../lib/gcc/arm-none-eabi/6.3.1/../../../../arm-none-eabi/lib/thumb/v6-m\libc_nano.a(lib_a-readr.o)
                0x00003a2c                _read_r
 *(.glue_7t)
 .glue_7t       0x00003a54        0x0 linker stubs
 *(.glue_7)
 .glue_7        0x00003a54        0x0 linker stubs
 *(.rodata .rodata* .gnu.linkonce.r.*)
 .rodata        0x00003a54       0x18 src/ASF/sam0/drivers/sercom/sercom.o
 .rodata.system_apb_clock_set_mask
                0x00003a6c       0x14 src/ASF/sam0/drivers/sercom/usart/usart.o
 .rodata.system_clock_source_get_hz
                0x00003a80       0x24 src/ASF/sam0/drivers/system/clock/clock_saml21/clock.o
 .rodata.system_apb_clock_set_mask
                0x00003aa4       0x14 src/ASF/sam0/drivers/system/clock/clock_saml21/gclk.o
 .rodata        0x00003ab8       0x48 src/main.o
 .rodata._global_impure_ptr
                0x00003b00        0x4 c:/program files (x86)/atmel/studio/7.0/toolchain/arm/arm-gnu-toolchain/bin/../lib/gcc/arm-none-eabi/6.3.1/../../../../arm-none-eabi/lib/thumb/v6-m\libc_nano.a(lib_a-impure.o)
                0x00003b00                _global_impure_ptr
 .rodata.__sf_fake_stderr
                0x00003b04       0x20 c:/program files (x86)/atmel/studio/7.0/toolchain/arm/arm-gnu-toolchain/bin/../lib/gcc/arm-none-eabi/6.3.1/../../../../arm-none-eabi/lib/thumb/v6-m\libc_nano.a(lib_a-findfp.o)
                0x00003b04                __sf_fake_stderr
 .rodata.__sf_fake_stdin
                0x00003b24       0x20 c:/program files (x86)/atmel/studio/7.0/toolchain/arm/arm-gnu-toolchain/bin/../lib/gcc/arm-none-eabi/6.3.1/../../../../arm-none-eabi/lib/thumb/v6-m\libc_nano.a(lib_a-findfp.o)
                0x00003b24                __sf_fake_stdin
 .rodata.__sf_fake_stdout
                0x00003b44       0x20 c:/program files (x86)/atmel/studio/7.0/toolchain/arm/arm-gnu-toolchain/bin/../lib/gcc/arm-none-eabi/6.3.1/../../../../arm-none-eabi/lib/thumb/v6-m\libc_nano.a(lib_a-findfp.o)
                0x00003b44                __sf_fake_stdout
 .rodata._vfprintf_r.str1.1
                0x00003b64       0x11 c:/program files (x86)/atmel/studio/7.0/toolchain/arm/arm-gnu-toolchain/bin/../lib/gcc/arm-none-eabi/6.3.1/../../../../arm-none-eabi/lib/thumb/v6-m\libc_nano.a(lib_a-nano-vfprintf.o)
 .rodata._printf_i.str1.1
                0x00003b75       0x22 c:/program files (x86)/atmel/studio/7.0/toolchain/arm/arm-gnu-toolchain/bin/../lib/gcc/arm-none-eabi/6.3.1/../../../../arm-none-eabi/lib/thumb/v6-m\libc_nano.a(lib_a-nano-vfprintf_i.o)
 *(.ARM.extab* .gnu.linkonce.armextab.*)
                0x00003b98                . = ALIGN (0x4)
 *fill*         0x00003b97        0x1 
 *(.init)
 .init          0x00003b98        0x4 c:/program files (x86)/atmel/studio/7.0/toolchain/arm/arm-gnu-toolchain/bin/../lib/gcc/arm-none-eabi/6.3.1/thumb/v6-m/crti.o
                0x00003b98                _init
 .init          0x00003b9c        0x8 c:/program files (x86)/atmel/studio/7.0/toolchain/arm/arm-gnu-toolchain/bin/../lib/gcc/arm-none-eabi/6.3.1/thumb/v6-m/crtn.o
                0x00003ba4                . = ALIGN (0x4)
                0x00003ba4                __preinit_array_start = .
 *(.preinit_array)
                0x00003ba4                __preinit_array_end = .
                0x00003ba4                . = ALIGN (0x4)
                0x00003ba4                __init_array_start = .
 *(SORT(.init_array.*))
 *(.init_array)
 .init_array    0x00003ba4        0x4 c:/program files (x86)/atmel/studio/7.0/toolchain/arm/arm-gnu-toolchain/bin/../lib/gcc/arm-none-eabi/6.3.1/thumb/v6-m/crtbegin.o
                0x00003ba8                __init_array_end = .
                0x00003ba8                . = ALIGN (0x4)
 *crtbegin.o(.ctors)
 *(EXCLUDE_FILE(*crtend.o) .ctors)
 *(SORT(.ctors.*))
 *crtend.o(.ctors)
                0x00003ba8                . = ALIGN (0x4)
 *(.fini)
 .fini          0x00003ba8        0x4 c:/program files (x86)/atmel/studio/7.0/toolchain/arm/arm-gnu-toolchain/bin/../lib/gcc/arm-none-eabi/6.3.1/thumb/v6-m/crti.o
                0x00003ba8                _fini
 .fini          0x00003bac        0x8 c:/program files (x86)/atmel/studio/7.0/toolchain/arm/arm-gnu-toolchain/bin/../lib/gcc/arm-none-eabi/6.3.1/thumb/v6-m/crtn.o
                0x00003bb4                . = ALIGN (0x4)
                0x00003bb4                __fini_array_start = .
 *(.fini_array)
 .fini_array    0x00003bb4        0x4 c:/program files (x86)/atmel/studio/7.0/toolchain/arm/arm-gnu-toolchain/bin/../lib/gcc/arm-none-eabi/6.3.1/thumb/v6-m/crtbegin.o
 *(SORT(.fini_array.*))
                0x00003bb8                __fini_array_end = .
 *crtbegin.o(.dtors)
 *(EXCLUDE_FILE(*crtend.o) .dtors)
 *(SORT(.dtors.*))
 *crtend.o(.dtors)
                0x00003bb8                . = ALIGN (0x4)
                0x00003bb8                _efixed = .
                [!provide]                PROVIDE (__exidx_start, .)

.vfp11_veneer   0x00003bb8        0x0
 .vfp11_veneer  0x00003bb8        0x0 linker stubs

.v4_bx          0x00003bb8        0x0
 .v4_bx         0x00003bb8        0x0 linker stubs

.iplt           0x00003bb8        0x0
 .iplt          0x00003bb8        0x0 c:/program files (x86)/atmel/studio/7.0/toolchain/arm/arm-gnu-toolchain/bin/../lib/gcc/arm-none-eabi/6.3.1/thumb/v6-m/crtbegin.o

.eh_frame       0x00003bb8        0x0
 .eh_frame      0x00003bb8        0x0 c:/program files (x86)/atmel/studio/7.0/toolchain/arm/arm-gnu-toolchain/bin/../lib/gcc/arm-none-eabi/6.3.1/thumb/v6-m/crtbegin.o

.rel.dyn        0x00003bb8        0x0
 .rel.iplt      0x00003bb8        0x0 c:/program files (x86)/atmel/studio/7.0/toolchain/arm/arm-gnu-toolchain/bin/../lib/gcc/arm-none-eabi/6.3.1/thumb/v6-m/crtbegin.o

.jcr            0x00003bb8        0x0
 .jcr           0x00003bb8        0x0 c:/program files (x86)/atmel/studio/7.0/toolchain/arm/arm-gnu-toolchain/bin/../lib/gcc/arm-none-eabi/6.3.1/thumb/v6-m/crtbegin.o

.igot.plt       0x00003bb8        0x0
 .igot.plt      0x00003bb8        0x0 c:/program files (x86)/atmel/studio/7.0/toolchain/arm/arm-gnu-toolchain/bin/../lib/gcc/arm-none-eabi/6.3.1/thumb/v6-m/crtbegin.o

.ARM.exidx
 *(.ARM.exidx* .gnu.linkonce.armexidx.*)
                [!provide]                PROVIDE (__exidx_end, .)
                0x00003bb8                . = ALIGN (0x4)
                0x00003bb8                _etext = .

.relocate       0x20000000      0x468 load address 0x00003bb8
                0x20000000                . = ALIGN (0x4)
                0x20000000                _srelocate = .
 *(.ramfunc .ramfunc.*)
 *(.data .data.*)
 .data.s_box    0x20000000      0x100 src/aes/aes.o
                0x20000000                s_box
 .data.mul2     0x20000100      0x100 src/aes/aes.o
                0x20000100                mul2
 .data.mul3     0x20000200      0x100 src/aes/aes.o
                0x20000200                mul3
 .data.rcon     0x20000300      0x100 src/aes/aes.o
                0x20000300                rcon
 .data.g_interrupt_enabled
                0x20000400        0x1 src/ASF/common/utils/interrupt/interrupt_sam_nvic.o
                0x20000400                g_interrupt_enabled
 *fill*         0x20000401        0x3 
 .data._impure_ptr
                0x20000404        0x4 c:/program files (x86)/atmel/studio/7.0/toolchain/arm/arm-gnu-toolchain/bin/../lib/gcc/arm-none-eabi/6.3.1/../../../../arm-none-eabi/lib/thumb/v6-m\libc_nano.a(lib_a-impure.o)
                0x20000404                _impure_ptr
 .data.impure_data
                0x20000408       0x60 c:/program files (x86)/atmel/studio/7.0/toolchain/arm/arm-gnu-toolchain/bin/../lib/gcc/arm-none-eabi/6.3.1/../../../../arm-none-eabi/lib/thumb/v6-m\libc_nano.a(lib_a-impure.o)
                0x20000468                . = ALIGN (0x4)
                0x20000468                _erelocate = .

.lpram          0x30000000        0x0
                0x30000000                . = ALIGN (0x8)
                0x30000000                _slpram = .
 *(.lpram .lpram.*)
                0x30000000                . = ALIGN (0x8)
                0x30000000                _elpram = .

.bss            0x20000468       0x68 load address 0x00004020
                0x20000468                . = ALIGN (0x4)
                0x20000468                _sbss = .
                0x20000468                _szero = .
 *(.bss .bss.*)
 .bss           0x20000468       0x1c c:/program files (x86)/atmel/studio/7.0/toolchain/arm/arm-gnu-toolchain/bin/../lib/gcc/arm-none-eabi/6.3.1/thumb/v6-m/crtbegin.o
 .bss.cpu_irq_critical_section_counter
                0x20000484        0x4 src/ASF/common/utils/interrupt/interrupt_sam_nvic.o
 .bss.cpu_irq_prev_interrupt_state
                0x20000488        0x1 src/ASF/common/utils/interrupt/interrupt_sam_nvic.o
 *fill*         0x20000489        0x3 
 .bss._sercom_config
                0x2000048c        0x2 src/ASF/sam0/drivers/sercom/sercom.o
 *fill*         0x2000048e        0x2 
 .bss._system_clock_inst
                0x20000490       0x18 src/ASF/sam0/drivers/system/clock/clock_saml21/clock.o
 .bss.heap.5296
                0x200004a8        0x4 src/ASF/sam0/utils/syscalls/gcc/syscalls.o
 .bss.__malloc_free_list
                0x200004ac        0x4 c:/program files (x86)/atmel/studio/7.0/toolchain/arm/arm-gnu-toolchain/bin/../lib/gcc/arm-none-eabi/6.3.1/../../../../arm-none-eabi/lib/thumb/v6-m\libc_nano.a(lib_a-nano-mallocr.o)
                0x200004ac                __malloc_free_list
 .bss.__malloc_sbrk_start
                0x200004b0        0x4 c:/program files (x86)/atmel/studio/7.0/toolchain/arm/arm-gnu-toolchain/bin/../lib/gcc/arm-none-eabi/6.3.1/../../../../arm-none-eabi/lib/thumb/v6-m\libc_nano.a(lib_a-nano-mallocr.o)
                0x200004b0                __malloc_sbrk_start
 *(COMMON)
 COMMON         0x200004b4        0x4 src/ASF/sam0/utils/stdio/read.o
                0x200004b4                ptr_get
 COMMON         0x200004b8        0x8 src/ASF/sam0/utils/stdio/write.o
                0x200004b8                ptr_put
                0x200004bc                stdio_base
 COMMON         0x200004c0        0xc src/init/Debug_Serial_Init.o
                0x200004c0                usart_instance
 COMMON         0x200004cc        0x4 c:/program files (x86)/atmel/studio/7.0/toolchain/arm/arm-gnu-toolchain/bin/../lib/gcc/arm-none-eabi/6.3.1/../../../../arm-none-eabi/lib/thumb/v6-m\libc_nano.a(lib_a-reent.o)
                0x200004cc                errno
                0x200004d0                . = ALIGN (0x4)
                0x200004d0                _ebss = .
                0x200004d0                _ezero = .

.stack          0x200004d0     0x2000 load address 0x00004088
                0x200004d0                . = ALIGN (0x8)
                0x200004d0                _sstack = .
                0x200024d0                . = (. + STACK_SIZE)
 *fill*         0x200004d0     0x2000 
                0x200024d0                . = ALIGN (0x8)
                0x200024d0                _estack = .
                0x200024d0                . = ALIGN (0x4)
                0x200024d0                _end = .
OUTPUT(L21_AES.elf elf32-littlearm)

.ARM.attributes
                0x00000000       0x28
 .ARM.attributes
                0x00000000       0x1e c:/program files (x86)/atmel/studio/7.0/toolchain/arm/arm-gnu-toolchain/bin/../lib/gcc/arm-none-eabi/6.3.1/thumb/v6-m/crti.o
 .ARM.attributes
                0x0000001e       0x2c c:/program files (x86)/atmel/studio/7.0/toolchain/arm/arm-gnu-toolchain/bin/../lib/gcc/arm-none-eabi/6.3.1/thumb/v6-m/crtbegin.o
 .ARM.attributes
                0x0000004a       0x32 src/aes/aes.o
 .ARM.attributes
                0x0000007c       0x32 src/ASF/common/utils/interrupt/interrupt_sam_nvic.o
 .ARM.attributes
                0x000000ae       0x32 src/ASF/sam0/boards/saml21_xplained_pro/board_init.o
 .ARM.attributes
                0x000000e0       0x32 src/ASF/sam0/drivers/port/port.o
 .ARM.attributes
                0x00000112       0x32 src/ASF/sam0/drivers/sercom/sercom.o
 .ARM.attributes
                0x00000144       0x32 src/ASF/sam0/drivers/sercom/usart/usart.o
 .ARM.attributes
                0x00000176       0x32 src/ASF/sam0/drivers/system/clock/clock_saml21/clock.o
 .ARM.attributes
                0x000001a8       0x32 src/ASF/sam0/drivers/system/clock/clock_saml21/gclk.o
 .ARM.attributes
                0x000001da       0x32 src/ASF/sam0/drivers/system/pinmux/pinmux.o
 .ARM.attributes
                0x0000020c       0x32 src/ASF/sam0/drivers/system/system.o
 .ARM.attributes
                0x0000023e       0x32 src/ASF/sam0/utils/cmsis/saml21/source/gcc/startup_saml21.o
 .ARM.attributes
                0x00000270       0x32 src/ASF/sam0/utils/stdio/read.o
 .ARM.attributes
                0x000002a2       0x32 src/ASF/sam0/utils/stdio/write.o
 .ARM.attributes
                0x000002d4       0x32 src/ASF/sam0/utils/syscalls/gcc/syscalls.o
 .ARM.attributes
                0x00000306       0x32 src/init/Debug_Serial_Init.o
 .ARM.attributes
                0x00000338       0x32 src/main.o
 .ARM.attributes
                0x0000036a       0x1e c:/program files (x86)/atmel/studio/7.0/toolchain/arm/arm-gnu-toolchain/bin/../lib/gcc/arm-none-eabi/6.3.1/thumb/v6-m\libgcc.a(_udivsi3.o)
 .ARM.attributes
                0x00000388       0x1e c:/program files (x86)/atmel/studio/7.0/toolchain/arm/arm-gnu-toolchain/bin/../lib/gcc/arm-none-eabi/6.3.1/thumb/v6-m\libgcc.a(_dvmd_tls.o)
 .ARM.attributes
                0x000003a6       0x2c c:/program files (x86)/atmel/studio/7.0/toolchain/arm/arm-gnu-toolchain/bin/../lib/gcc/arm-none-eabi/6.3.1/thumb/v6-m\libgcc.a(_muldi3.o)
 .ARM.attributes
                0x000003d2       0x2c c:/program files (x86)/atmel/studio/7.0/toolchain/arm/arm-gnu-toolchain/bin/../lib/gcc/arm-none-eabi/6.3.1/../../../../arm-none-eabi/lib/thumb/v6-m\libc_nano.a(lib_a-impure.o)
 .ARM.attributes
                0x000003fe       0x2c c:/program files (x86)/atmel/studio/7.0/toolchain/arm/arm-gnu-toolchain/bin/../lib/gcc/arm-none-eabi/6.3.1/../../../../arm-none-eabi/lib/thumb/v6-m\libc_nano.a(lib_a-init.o)
 .ARM.attributes
                0x0000042a       0x2c c:/program files (x86)/atmel/studio/7.0/toolchain/arm/arm-gnu-toolchain/bin/../lib/gcc/arm-none-eabi/6.3.1/../../../../arm-none-eabi/lib/thumb/v6-m\libc_nano.a(lib_a-memset.o)
 .ARM.attributes
                0x00000456       0x2c c:/program files (x86)/atmel/studio/7.0/toolchain/arm/arm-gnu-toolchain/bin/../lib/gcc/arm-none-eabi/6.3.1/../../../../arm-none-eabi/lib/thumb/v6-m\libc_nano.a(lib_a-printf.o)
 .ARM.attributes
                0x00000482       0x2c c:/program files (x86)/atmel/studio/7.0/toolchain/arm/arm-gnu-toolchain/bin/../lib/gcc/arm-none-eabi/6.3.1/../../../../arm-none-eabi/lib/thumb/v6-m\libc_nano.a(lib_a-puts.o)
 .ARM.attributes
                0x000004ae       0x2c c:/program files (x86)/atmel/studio/7.0/toolchain/arm/arm-gnu-toolchain/bin/../lib/gcc/arm-none-eabi/6.3.1/../../../../arm-none-eabi/lib/thumb/v6-m\libc_nano.a(lib_a-setbuf.o)
 .ARM.attributes
                0x000004da       0x2c c:/program files (x86)/atmel/studio/7.0/toolchain/arm/arm-gnu-toolchain/bin/../lib/gcc/arm-none-eabi/6.3.1/../../../../arm-none-eabi/lib/thumb/v6-m\libc_nano.a(lib_a-setvbuf.o)
 .ARM.attributes
                0x00000506       0x2c c:/program files (x86)/atmel/studio/7.0/toolchain/arm/arm-gnu-toolchain/bin/../lib/gcc/arm-none-eabi/6.3.1/../../../../arm-none-eabi/lib/thumb/v6-m\libc_nano.a(lib_a-wbuf.o)
 .ARM.attributes
                0x00000532       0x2c c:/program files (x86)/atmel/studio/7.0/toolchain/arm/arm-gnu-toolchain/bin/../lib/gcc/arm-none-eabi/6.3.1/../../../../arm-none-eabi/lib/thumb/v6-m\libc_nano.a(lib_a-wsetup.o)
 .ARM.attributes
                0x0000055e       0x2c c:/program files (x86)/atmel/studio/7.0/toolchain/arm/arm-gnu-toolchain/bin/../lib/gcc/arm-none-eabi/6.3.1/../../../../arm-none-eabi/lib/thumb/v6-m\libc_nano.a(lib_a-fflush.o)
 .ARM.attributes
                0x0000058a       0x2c c:/program files (x86)/atmel/studio/7.0/toolchain/arm/arm-gnu-toolchain/bin/../lib/gcc/arm-none-eabi/6.3.1/../../../../arm-none-eabi/lib/thumb/v6-m\libc_nano.a(lib_a-findfp.o)
 .ARM.attributes
                0x000005b6       0x2c c:/program files (x86)/atmel/studio/7.0/toolchain/arm/arm-gnu-toolchain/bin/../lib/gcc/arm-none-eabi/6.3.1/../../../../arm-none-eabi/lib/thumb/v6-m\libc_nano.a(lib_a-fwalk.o)
 .ARM.attributes
                0x000005e2       0x2c c:/program files (x86)/atmel/studio/7.0/toolchain/arm/arm-gnu-toolchain/bin/../lib/gcc/arm-none-eabi/6.3.1/../../../../arm-none-eabi/lib/thumb/v6-m\libc_nano.a(lib_a-makebuf.o)
 .ARM.attributes
                0x0000060e       0x2c c:/program files (x86)/atmel/studio/7.0/toolchain/arm/arm-gnu-toolchain/bin/../lib/gcc/arm-none-eabi/6.3.1/../../../../arm-none-eabi/lib/thumb/v6-m\libc_nano.a(lib_a-malloc.o)
 .ARM.attributes
                0x0000063a       0x2c c:/program files (x86)/atmel/studio/7.0/toolchain/arm/arm-gnu-toolchain/bin/../lib/gcc/arm-none-eabi/6.3.1/../../../../arm-none-eabi/lib/thumb/v6-m\libc_nano.a(lib_a-nano-freer.o)
 .ARM.attributes
                0x00000666       0x2c c:/program files (x86)/atmel/studio/7.0/toolchain/arm/arm-gnu-toolchain/bin/../lib/gcc/arm-none-eabi/6.3.1/../../../../arm-none-eabi/lib/thumb/v6-m\libc_nano.a(lib_a-nano-mallocr.o)
 .ARM.attributes
                0x00000692       0x2c c:/program files (x86)/atmel/studio/7.0/toolchain/arm/arm-gnu-toolchain/bin/../lib/gcc/arm-none-eabi/6.3.1/../../../../arm-none-eabi/lib/thumb/v6-m\libc_nano.a(lib_a-nano-vfprintf.o)
 .ARM.attributes
                0x000006be       0x2c c:/program files (x86)/atmel/studio/7.0/toolchain/arm/arm-gnu-toolchain/bin/../lib/gcc/arm-none-eabi/6.3.1/../../../../arm-none-eabi/lib/thumb/v6-m\libc_nano.a(lib_a-nano-vfprintf_i.o)
 .ARM.attributes
                0x000006ea       0x2c c:/program files (x86)/atmel/studio/7.0/toolchain/arm/arm-gnu-toolchain/bin/../lib/gcc/arm-none-eabi/6.3.1/../../../../arm-none-eabi/lib/thumb/v6-m\libc_nano.a(lib_a-sbrkr.o)
 .ARM.attributes
                0x00000716       0x2c c:/program files (x86)/atmel/studio/7.0/toolchain/arm/arm-gnu-toolchain/bin/../lib/gcc/arm-none-eabi/6.3.1/../../../../arm-none-eabi/lib/thumb/v6-m\libc_nano.a(lib_a-stdio.o)
 .ARM.attributes
                0x00000742       0x2c c:/program files (x86)/atmel/studio/7.0/toolchain/arm/arm-gnu-toolchain/bin/../lib/gcc/arm-none-eabi/6.3.1/../../../../arm-none-eabi/lib/thumb/v6-m\libc_nano.a(lib_a-writer.o)
 .ARM.attributes
                0x0000076e       0x2c c:/program files (x86)/atmel/studio/7.0/toolchain/arm/arm-gnu-toolchain/bin/../lib/gcc/arm-none-eabi/6.3.1/../../../../arm-none-eabi/lib/thumb/v6-m\libc_nano.a(lib_a-closer.o)
 .ARM.attributes
                0x0000079a       0x2c c:/program files (x86)/atmel/studio/7.0/toolchain/arm/arm-gnu-toolchain/bin/../lib/gcc/arm-none-eabi/6.3.1/../../../../arm-none-eabi/lib/thumb/v6-m\libc_nano.a(lib_a-fstatr.o)
 .ARM.attributes
                0x000007c6       0x2c c:/program files (x86)/atmel/studio/7.0/toolchain/arm/arm-gnu-toolchain/bin/../lib/gcc/arm-none-eabi/6.3.1/../../../../arm-none-eabi/lib/thumb/v6-m\libc_nano.a(lib_a-isattyr.o)
 .ARM.attributes
                0x000007f2       0x2c c:/program files (x86)/atmel/studio/7.0/toolchain/arm/arm-gnu-toolchain/bin/../lib/gcc/arm-none-eabi/6.3.1/../../../../arm-none-eabi/lib/thumb/v6-m\libc_nano.a(lib_a-lseekr.o)
 .ARM.attributes
                0x0000081e       0x2c c:/program files (x86)/atmel/studio/7.0/toolchain/arm/arm-gnu-toolchain/bin/../lib/gcc/arm-none-eabi/6.3.1/../../../../arm-none-eabi/lib/thumb/v6-m\libc_nano.a(lib_a-memchr-stub.o)
 .ARM.attributes
                0x0000084a       0x2c c:/program files (x86)/atmel/studio/7.0/toolchain/arm/arm-gnu-toolchain/bin/../lib/gcc/arm-none-eabi/6.3.1/../../../../arm-none-eabi/lib/thumb/v6-m\libc_nano.a(lib_a-mlock.o)
 .ARM.attributes
                0x00000876       0x2c c:/program files (x86)/atmel/studio/7.0/toolchain/arm/arm-gnu-toolchain/bin/../lib/gcc/arm-none-eabi/6.3.1/../../../../arm-none-eabi/lib/thumb/v6-m\libc_nano.a(lib_a-readr.o)
 .ARM.attributes
                0x000008a2       0x2c c:/program files (x86)/atmel/studio/7.0/toolchain/arm/arm-gnu-toolchain/bin/../lib/gcc/arm-none-eabi/6.3.1/../../../../arm-none-eabi/lib/thumb/v6-m\libc_nano.a(lib_a-reent.o)
 .ARM.attributes
                0x000008ce       0x1e c:/program files (x86)/atmel/studio/7.0/toolchain/arm/arm-gnu-toolchain/bin/../lib/gcc/arm-none-eabi/6.3.1/thumb/v6-m/crtn.o

.comment        0x00000000       0x59
 .comment       0x00000000       0x59 src/aes/aes.o
                                 0x5a (size before relaxing)
 .comment       0x00000059       0x5a src/ASF/common/utils/interrupt/interrupt_sam_nvic.o
 .comment       0x00000059       0x5a src/ASF/sam0/boards/saml21_xplained_pro/board_init.o
 .comment       0x00000059       0x5a src/ASF/sam0/drivers/port/port.o
 .comment       0x00000059       0x5a src/ASF/sam0/drivers/sercom/sercom.o
 .comment       0x00000059       0x5a src/ASF/sam0/drivers/sercom/usart/usart.o
 .comment       0x00000059       0x5a src/ASF/sam0/drivers/system/clock/clock_saml21/clock.o
 .comment       0x00000059       0x5a src/ASF/sam0/drivers/system/clock/clock_saml21/gclk.o
 .comment       0x00000059       0x5a src/ASF/sam0/drivers/system/pinmux/pinmux.o
 .comment       0x00000059       0x5a src/ASF/sam0/drivers/system/system.o
 .comment       0x00000059       0x5a src/ASF/sam0/utils/cmsis/saml21/source/gcc/startup_saml21.o
 .comment       0x00000059       0x5a src/ASF/sam0/utils/stdio/read.o
 .comment       0x00000059       0x5a src/ASF/sam0/utils/stdio/write.o
 .comment       0x00000059       0x5a src/ASF/sam0/utils/syscalls/gcc/syscalls.o
 .comment       0x00000059       0x5a src/init/Debug_Serial_Init.o
 .comment       0x00000059       0x5a src/main.o

.debug_info     0x00000000    0x1bfc9
 .debug_info    0x00000000      0xf87 src/aes/aes.o
 .debug_info    0x00000f87      0xb0c src/ASF/common/utils/interrupt/interrupt_sam_nvic.o
 .debug_info    0x00001a93     0x13a2 src/ASF/sam0/boards/saml21_xplained_pro/board_init.o
 .debug_info    0x00002e35     0x1377 src/ASF/sam0/drivers/port/port.o
 .debug_info    0x000041ac     0x2dba src/ASF/sam0/drivers/sercom/sercom.o
 .debug_info    0x00006f66     0x485d src/ASF/sam0/drivers/sercom/usart/usart.o
 .debug_info    0x0000b7c3     0x42b9 src/ASF/sam0/drivers/system/clock/clock_saml21/clock.o
 .debug_info    0x0000fa7c     0x1c87 src/ASF/sam0/drivers/system/clock/clock_saml21/gclk.o
 .debug_info    0x00011703     0x14bb src/ASF/sam0/drivers/system/pinmux/pinmux.o
 .debug_info    0x00012bbe      0xa74 src/ASF/sam0/drivers/system/system.o
 .debug_info    0x00013632      0xa32 src/ASF/sam0/utils/cmsis/saml21/source/gcc/startup_saml21.o
 .debug_info    0x00014064      0xabf src/ASF/sam0/utils/stdio/read.o
 .debug_info    0x00014b23      0xac8 src/ASF/sam0/utils/stdio/write.o
 .debug_info    0x000155eb      0xda1 src/ASF/sam0/utils/syscalls/gcc/syscalls.o
 .debug_info    0x0001638c     0x3105 src/init/Debug_Serial_Init.o
 .debug_info    0x00019491     0x2b38 src/main.o

.debug_abbrev   0x00000000     0x29d7
 .debug_abbrev  0x00000000      0x243 src/aes/aes.o
 .debug_abbrev  0x00000243      0x22e src/ASF/common/utils/interrupt/interrupt_sam_nvic.o
 .debug_abbrev  0x00000471      0x2a2 src/ASF/sam0/boards/saml21_xplained_pro/board_init.o
 .debug_abbrev  0x00000713      0x27b src/ASF/sam0/drivers/port/port.o
 .debug_abbrev  0x0000098e      0x30e src/ASF/sam0/drivers/sercom/sercom.o
 .debug_abbrev  0x00000c9c      0x377 src/ASF/sam0/drivers/sercom/usart/usart.o
 .debug_abbrev  0x00001013      0x39c src/ASF/sam0/drivers/system/clock/clock_saml21/clock.o
 .debug_abbrev  0x000013af      0x37c src/ASF/sam0/drivers/system/clock/clock_saml21/gclk.o
 .debug_abbrev  0x0000172b      0x2f1 src/ASF/sam0/drivers/system/pinmux/pinmux.o
 .debug_abbrev  0x00001a1c      0x1e1 src/ASF/sam0/drivers/system/system.o
 .debug_abbrev  0x00001bfd      0x1d7 src/ASF/sam0/utils/cmsis/saml21/source/gcc/startup_saml21.o
 .debug_abbrev  0x00001dd4      0x1f4 src/ASF/sam0/utils/stdio/read.o
 .debug_abbrev  0x00001fc8      0x1f4 src/ASF/sam0/utils/stdio/write.o
 .debug_abbrev  0x000021bc      0x22a src/ASF/sam0/utils/syscalls/gcc/syscalls.o
 .debug_abbrev  0x000023e6      0x339 src/init/Debug_Serial_Init.o
 .debug_abbrev  0x0000271f      0x2b8 src/main.o

.debug_loc      0x00000000     0x1711
 .debug_loc     0x00000000      0x18a src/aes/aes.o
 .debug_loc     0x0000018a       0x64 src/ASF/common/utils/interrupt/interrupt_sam_nvic.o
 .debug_loc     0x000001ee      0x118 src/ASF/sam0/boards/saml21_xplained_pro/board_init.o
 .debug_loc     0x00000306       0xa8 src/ASF/sam0/drivers/port/port.o
 .debug_loc     0x000003ae      0x18c src/ASF/sam0/drivers/sercom/sercom.o
 .debug_loc     0x0000053a      0x297 src/ASF/sam0/drivers/sercom/usart/usart.o
 .debug_loc     0x000007d1      0x512 src/ASF/sam0/drivers/system/clock/clock_saml21/clock.o
 .debug_loc     0x00000ce3      0x394 src/ASF/sam0/drivers/system/clock/clock_saml21/gclk.o
 .debug_loc     0x00001077      0x150 src/ASF/sam0/drivers/system/pinmux/pinmux.o
 .debug_loc     0x000011c7       0x58 src/ASF/sam0/drivers/system/system.o
 .debug_loc     0x0000121f       0x64 src/ASF/sam0/utils/cmsis/saml21/source/gcc/startup_saml21.o
 .debug_loc     0x00001283       0x38 src/ASF/sam0/utils/stdio/read.o
 .debug_loc     0x000012bb       0x38 src/ASF/sam0/utils/stdio/write.o
 .debug_loc     0x000012f3      0x1ec src/ASF/sam0/utils/syscalls/gcc/syscalls.o
 .debug_loc     0x000014df      0x1fa src/init/Debug_Serial_Init.o
 .debug_loc     0x000016d9       0x38 src/main.o

.debug_aranges  0x00000000      0x4e0
 .debug_aranges
                0x00000000       0x50 src/aes/aes.o
 .debug_aranges
                0x00000050       0x28 src/ASF/common/utils/interrupt/interrupt_sam_nvic.o
 .debug_aranges
                0x00000078       0x40 src/ASF/sam0/boards/saml21_xplained_pro/board_init.o
 .debug_aranges
                0x000000b8       0x30 src/ASF/sam0/drivers/port/port.o
 .debug_aranges
                0x000000e8       0x50 src/ASF/sam0/drivers/sercom/sercom.o
 .debug_aranges
                0x00000138       0x78 src/ASF/sam0/drivers/sercom/usart/usart.o
 .debug_aranges
                0x000001b0       0xd8 src/ASF/sam0/drivers/system/clock/clock_saml21/clock.o
 .debug_aranges
                0x00000288       0xa0 src/ASF/sam0/drivers/system/clock/clock_saml21/gclk.o
 .debug_aranges
                0x00000328       0x48 src/ASF/sam0/drivers/system/pinmux/pinmux.o
 .debug_aranges
                0x00000370       0x28 src/ASF/sam0/drivers/system/system.o
 .debug_aranges
                0x00000398       0x28 src/ASF/sam0/utils/cmsis/saml21/source/gcc/startup_saml21.o
 .debug_aranges
                0x000003c0       0x20 src/ASF/sam0/utils/stdio/read.o
 .debug_aranges
                0x000003e0       0x20 src/ASF/sam0/utils/stdio/write.o
 .debug_aranges
                0x00000400       0x60 src/ASF/sam0/utils/syscalls/gcc/syscalls.o
 .debug_aranges
                0x00000460       0x60 src/init/Debug_Serial_Init.o
 .debug_aranges
                0x000004c0       0x20 src/main.o

.debug_ranges   0x00000000      0x3e0
 .debug_ranges  0x00000000       0x40 src/aes/aes.o
 .debug_ranges  0x00000040       0x18 src/ASF/common/utils/interrupt/interrupt_sam_nvic.o
 .debug_ranges  0x00000058       0x30 src/ASF/sam0/boards/saml21_xplained_pro/board_init.o
 .debug_ranges  0x00000088       0x20 src/ASF/sam0/drivers/port/port.o
 .debug_ranges  0x000000a8       0x40 src/ASF/sam0/drivers/sercom/sercom.o
 .debug_ranges  0x000000e8       0x68 src/ASF/sam0/drivers/sercom/usart/usart.o
 .debug_ranges  0x00000150       0xc8 src/ASF/sam0/drivers/system/clock/clock_saml21/clock.o
 .debug_ranges  0x00000218       0x90 src/ASF/sam0/drivers/system/clock/clock_saml21/gclk.o
 .debug_ranges  0x000002a8       0x38 src/ASF/sam0/drivers/system/pinmux/pinmux.o
 .debug_ranges  0x000002e0       0x18 src/ASF/sam0/drivers/system/system.o
 .debug_ranges  0x000002f8       0x18 src/ASF/sam0/utils/cmsis/saml21/source/gcc/startup_saml21.o
 .debug_ranges  0x00000310       0x10 src/ASF/sam0/utils/stdio/read.o
 .debug_ranges  0x00000320       0x10 src/ASF/sam0/utils/stdio/write.o
 .debug_ranges  0x00000330       0x50 src/ASF/sam0/utils/syscalls/gcc/syscalls.o
 .debug_ranges  0x00000380       0x50 src/init/Debug_Serial_Init.o
 .debug_ranges  0x000003d0       0x10 src/main.o

.debug_macro    0x00000000    0x1d2f7
 .debug_macro   0x00000000      0x6c7 src/aes/aes.o
 .debug_macro   0x000006c7      0x8bc src/aes/aes.o
 .debug_macro   0x00000f83      0x16d src/aes/aes.o
 .debug_macro   0x000010f0      0x64b src/aes/aes.o
 .debug_macro   0x0000173b       0x22 src/aes/aes.o
 .debug_macro   0x0000175d       0x87 src/aes/aes.o
 .debug_macro   0x000017e4       0x51 src/aes/aes.o
 .debug_macro   0x00001835       0xef src/aes/aes.o
 .debug_macro   0x00001924       0x6a src/aes/aes.o
 .debug_macro   0x0000198e      0x1df src/aes/aes.o
 .debug_macro   0x00001b6d       0x10 src/aes/aes.o
 .debug_macro   0x00001b7d       0x76 src/aes/aes.o
 .debug_macro   0x00001bf3       0x16 src/aes/aes.o
 .debug_macro   0x00001c09      0x6e5 src/aes/aes.o
 .debug_macro   0x000022ee      0xde2 src/aes/aes.o
 .debug_macro   0x000030d0       0x22 src/aes/aes.o
 .debug_macro   0x000030f2       0x40 src/aes/aes.o
 .debug_macro   0x00003132       0x3a src/aes/aes.o
 .debug_macro   0x0000316c       0x1f src/aes/aes.o
 .debug_macro   0x0000318b      0x250 src/aes/aes.o
 .debug_macro   0x000033db      0x71a src/aes/aes.o
 .debug_macro   0x00003af5      0x979 src/aes/aes.o
 .debug_macro   0x0000446e      0x2b8 src/aes/aes.o
 .debug_macro   0x00004726      0x226 src/aes/aes.o
 .debug_macro   0x0000494c      0x4dd src/aes/aes.o
 .debug_macro   0x00004e29      0xd24 src/aes/aes.o
 .debug_macro   0x00005b4d      0x5b8 src/aes/aes.o
 .debug_macro   0x00006105      0x58b src/aes/aes.o
 .debug_macro   0x00006690      0x832 src/aes/aes.o
 .debug_macro   0x00006ec2      0x297 src/aes/aes.o
 .debug_macro   0x00007159      0x621 src/aes/aes.o
 .debug_macro   0x0000777a      0x225 src/aes/aes.o
 .debug_macro   0x0000799f      0x7aa src/aes/aes.o
 .debug_macro   0x00008149      0x162 src/aes/aes.o
 .debug_macro   0x000082ab      0x719 src/aes/aes.o
 .debug_macro   0x000089c4      0x293 src/aes/aes.o
 .debug_macro   0x00008c57      0x702 src/aes/aes.o
 .debug_macro   0x00009359      0x2a3 src/aes/aes.o
 .debug_macro   0x000095fc      0x3cb src/aes/aes.o
 .debug_macro   0x000099c7      0x1ae src/aes/aes.o
 .debug_macro   0x00009b75     0x11d9 src/aes/aes.o
 .debug_macro   0x0000ad4e      0xf4e src/aes/aes.o
 .debug_macro   0x0000bc9c      0x857 src/aes/aes.o
 .debug_macro   0x0000c4f3      0xa39 src/aes/aes.o
 .debug_macro   0x0000cf2c      0x830 src/aes/aes.o
 .debug_macro   0x0000d75c     0x1b45 src/aes/aes.o
 .debug_macro   0x0000f2a1       0xea src/aes/aes.o
 .debug_macro   0x0000f38b     0x13b0 src/aes/aes.o
 .debug_macro   0x0001073b      0x378 src/aes/aes.o
 .debug_macro   0x00010ab3       0x7c src/aes/aes.o
 .debug_macro   0x00010b2f       0xac src/aes/aes.o
 .debug_macro   0x00010bdb       0xca src/aes/aes.o
 .debug_macro   0x00010ca5       0x4c src/aes/aes.o
 .debug_macro   0x00010cf1       0x94 src/aes/aes.o
 .debug_macro   0x00010d85       0xd6 src/aes/aes.o
 .debug_macro   0x00010e5b       0xb2 src/aes/aes.o
 .debug_macro   0x00010f0d       0x58 src/aes/aes.o
 .debug_macro   0x00010f65      0x5d5 src/aes/aes.o
 .debug_macro   0x0001153a      0x19d src/aes/aes.o
 .debug_macro   0x000116d7       0x70 src/aes/aes.o
 .debug_macro   0x00011747       0xa0 src/aes/aes.o
 .debug_macro   0x000117e7       0xc4 src/aes/aes.o
 .debug_macro   0x000118ab       0x28 src/aes/aes.o
 .debug_macro   0x000118d3       0xa0 src/aes/aes.o
 .debug_macro   0x00011973       0x40 src/aes/aes.o
 .debug_macro   0x000119b3       0x76 src/aes/aes.o
 .debug_macro   0x00011a29       0x40 src/aes/aes.o
 .debug_macro   0x00011a69      0x178 src/aes/aes.o
 .debug_macro   0x00011be1       0x34 src/aes/aes.o
 .debug_macro   0x00011c15       0xee src/aes/aes.o
 .debug_macro   0x00011d03      0x136 src/aes/aes.o
 .debug_macro   0x00011e39      0x136 src/aes/aes.o
 .debug_macro   0x00011f6f      0x136 src/aes/aes.o
 .debug_macro   0x000120a5      0x136 src/aes/aes.o
 .debug_macro   0x000121db      0x136 src/aes/aes.o
 .debug_macro   0x00012311      0x136 src/aes/aes.o
 .debug_macro   0x00012447       0x5e src/aes/aes.o
 .debug_macro   0x000124a5      0x1a6 src/aes/aes.o
 .debug_macro   0x0001264b       0xfa src/aes/aes.o
 .debug_macro   0x00012745       0xfa src/aes/aes.o
 .debug_macro   0x0001283f       0xfa src/aes/aes.o
 .debug_macro   0x00012939       0xfa src/aes/aes.o
 .debug_macro   0x00012a33       0xfa src/aes/aes.o
 .debug_macro   0x00012b2d      0x12c src/aes/aes.o
 .debug_macro   0x00012c59      0x100 src/aes/aes.o
 .debug_macro   0x00012d59       0xf4 src/aes/aes.o
 .debug_macro   0x00012e4d       0x2e src/aes/aes.o
 .debug_macro   0x00012e7b      0x408 src/aes/aes.o
 .debug_macro   0x00013283       0x3a src/aes/aes.o
 .debug_macro   0x000132bd      0x433 src/aes/aes.o
 .debug_macro   0x000136f0     0x2433 src/aes/aes.o
 .debug_macro   0x00015b23       0x90 src/aes/aes.o
 .debug_macro   0x00015bb3       0x58 src/aes/aes.o
 .debug_macro   0x00015c0b       0x35 src/aes/aes.o
 .debug_macro   0x00015c40       0x9c src/aes/aes.o
 .debug_macro   0x00015cdc       0x16 src/aes/aes.o
 .debug_macro   0x00015cf2       0x35 src/aes/aes.o
 .debug_macro   0x00015d27      0x353 src/aes/aes.o
 .debug_macro   0x0001607a       0x10 src/aes/aes.o
 .debug_macro   0x0001608a       0x58 src/aes/aes.o
 .debug_macro   0x000160e2       0x1f src/aes/aes.o
 .debug_macro   0x00016101       0x43 src/aes/aes.o
 .debug_macro   0x00016144       0x20 src/aes/aes.o
 .debug_macro   0x00016164      0x187 src/aes/aes.o
 .debug_macro   0x000162eb       0x10 src/aes/aes.o
 .debug_macro   0x000162fb       0x1c src/aes/aes.o
 .debug_macro   0x00016317       0x52 src/aes/aes.o
 .debug_macro   0x00016369       0x40 src/aes/aes.o
 .debug_macro   0x000163a9       0x10 src/aes/aes.o
 .debug_macro   0x000163b9       0x40 src/aes/aes.o
 .debug_macro   0x000163f9       0xd7 src/aes/aes.o
 .debug_macro   0x000164d0       0x16 src/aes/aes.o
 .debug_macro   0x000164e6      0x18b src/aes/aes.o
 .debug_macro   0x00016671       0x16 src/aes/aes.o
 .debug_macro   0x00016687       0x16 src/aes/aes.o
 .debug_macro   0x0001669d       0x29 src/aes/aes.o
 .debug_macro   0x000166c6       0x51 src/aes/aes.o
 .debug_macro   0x00016717       0x3f src/aes/aes.o
 .debug_macro   0x00016756      0x3df src/aes/aes.o
 .debug_macro   0x00016b35       0x18 src/aes/aes.o
 .debug_macro   0x00016b4d       0x12 src/aes/aes.o
 .debug_macro   0x00016b5f       0x1c src/aes/aes.o
 .debug_macro   0x00016b7b       0x16 src/aes/aes.o
 .debug_macro   0x00016b91      0x2c6 src/aes/aes.o
 .debug_macro   0x00016e57      0x917 src/aes/aes.o
 .debug_macro   0x0001776e       0x1f src/aes/aes.o
 .debug_macro   0x0001778d       0x2e src/aes/aes.o
 .debug_macro   0x000177bb       0xb2 src/aes/aes.o
 .debug_macro   0x0001786d       0x10 src/aes/aes.o
 .debug_macro   0x0001787d       0x57 src/aes/aes.o
 .debug_macro   0x000178d4       0x16 src/aes/aes.o
 .debug_macro   0x000178ea      0x58a src/ASF/common/utils/interrupt/interrupt_sam_nvic.o
 .debug_macro   0x00017e74      0x5c6 src/ASF/sam0/boards/saml21_xplained_pro/board_init.o
 .debug_macro   0x0001843a       0x19 src/ASF/sam0/boards/saml21_xplained_pro/board_init.o
 .debug_macro   0x00018453      0x5a4 src/ASF/sam0/drivers/port/port.o
 .debug_macro   0x000189f7      0x61f src/ASF/sam0/drivers/sercom/sercom.o
 .debug_macro   0x00019016      0x618 src/ASF/sam0/drivers/sercom/usart/usart.o
 .debug_macro   0x0001962e       0x51 src/ASF/sam0/drivers/sercom/usart/usart.o
 .debug_macro   0x0001967f      0x5f5 src/ASF/sam0/drivers/system/clock/clock_saml21/clock.o
 .debug_macro   0x00019c74      0x29e src/ASF/sam0/drivers/system/clock/clock_saml21/clock.o
 .debug_macro   0x00019f12      0x5c1 src/ASF/sam0/drivers/system/clock/clock_saml21/gclk.o
 .debug_macro   0x0001a4d3      0x59a src/ASF/sam0/drivers/system/pinmux/pinmux.o
 .debug_macro   0x0001aa6d       0x12 src/ASF/sam0/drivers/system/pinmux/pinmux.o
 .debug_macro   0x0001aa7f      0x5d1 src/ASF/sam0/drivers/system/system.o
 .debug_macro   0x0001b050      0x371 src/ASF/sam0/utils/cmsis/saml21/source/gcc/startup_saml21.o
 .debug_macro   0x0001b3c1       0x3a src/ASF/sam0/utils/cmsis/saml21/source/gcc/startup_saml21.o
 .debug_macro   0x0001b3fb      0x58a src/ASF/sam0/utils/stdio/read.o
 .debug_macro   0x0001b985      0x58a src/ASF/sam0/utils/stdio/write.o
 .debug_macro   0x0001bf0f      0x1d6 src/ASF/sam0/utils/syscalls/gcc/syscalls.o
 .debug_macro   0x0001c0e5       0x52 src/ASF/sam0/utils/syscalls/gcc/syscalls.o
 .debug_macro   0x0001c137       0x8d src/ASF/sam0/utils/syscalls/gcc/syscalls.o
 .debug_macro   0x0001c1c4       0x57 src/ASF/sam0/utils/syscalls/gcc/syscalls.o
 .debug_macro   0x0001c21b       0x97 src/ASF/sam0/utils/syscalls/gcc/syscalls.o
 .debug_macro   0x0001c2b2       0xf6 src/ASF/sam0/utils/syscalls/gcc/syscalls.o
 .debug_macro   0x0001c3a8       0x4c src/ASF/sam0/utils/syscalls/gcc/syscalls.o
 .debug_macro   0x0001c3f4       0x16 src/ASF/sam0/utils/syscalls/gcc/syscalls.o
 .debug_macro   0x0001c40a       0x10 src/ASF/sam0/utils/syscalls/gcc/syscalls.o
 .debug_macro   0x0001c41a       0x10 src/ASF/sam0/utils/syscalls/gcc/syscalls.o
 .debug_macro   0x0001c42a       0x35 src/ASF/sam0/utils/syscalls/gcc/syscalls.o
 .debug_macro   0x0001c45f      0x122 src/ASF/sam0/utils/syscalls/gcc/syscalls.o
 .debug_macro   0x0001c581      0x6a3 src/init/Debug_Serial_Init.o
 .debug_macro   0x0001cc24      0x6d3 src/main.o

.debug_line     0x00000000     0xb45d
 .debug_line    0x00000000      0xf6b src/aes/aes.o
 .debug_line    0x00000f6b      0x9ca src/ASF/common/utils/interrupt/interrupt_sam_nvic.o
 .debug_line    0x00001935      0xabb src/ASF/sam0/boards/saml21_xplained_pro/board_init.o
 .debug_line    0x000023f0      0x9fc src/ASF/sam0/drivers/port/port.o
 .debug_line    0x00002dec      0xd03 src/ASF/sam0/drivers/sercom/sercom.o
 .debug_line    0x00003aef      0xe02 src/ASF/sam0/drivers/sercom/usart/usart.o
 .debug_line    0x000048f1      0xddf src/ASF/sam0/drivers/system/clock/clock_saml21/clock.o
 .debug_line    0x000056d0      0xc68 src/ASF/sam0/drivers/system/clock/clock_saml21/gclk.o
 .debug_line    0x00006338      0xa6e src/ASF/sam0/drivers/system/pinmux/pinmux.o
 .debug_line    0x00006da6      0xada src/ASF/sam0/drivers/system/system.o
 .debug_line    0x00007880      0x74d src/ASF/sam0/utils/cmsis/saml21/source/gcc/startup_saml21.o
 .debug_line    0x00007fcd      0x9a9 src/ASF/sam0/utils/stdio/read.o
 .debug_line    0x00008976      0x9a6 src/ASF/sam0/utils/stdio/write.o
 .debug_line    0x0000931c      0x415 src/ASF/sam0/utils/syscalls/gcc/syscalls.o
 .debug_line    0x00009731      0xed3 src/init/Debug_Serial_Init.o
 .debug_line    0x0000a604      0xe59 src/main.o

.debug_str      0x00000000    0x9a677
 .debug_str     0x00000000    0x94acc src/aes/aes.o
                              0x95092 (size before relaxing)
 .debug_str     0x00094acc       0x94 src/ASF/common/utils/interrupt/interrupt_sam_nvic.o
                              0x90d40 (size before relaxing)
 .debug_str     0x00094b60      0x3a2 src/ASF/sam0/boards/saml21_xplained_pro/board_init.o
                              0x94637 (size before relaxing)
 .debug_str     0x00094f02       0xaa src/ASF/sam0/drivers/port/port.o
                              0x911e4 (size before relaxing)
 .debug_str     0x00094fac      0xda4 src/ASF/sam0/drivers/sercom/sercom.o
                              0x92432 (size before relaxing)
 .debug_str     0x00095d50      0xd4e src/ASF/sam0/drivers/sercom/usart/usart.o
                              0x930a6 (size before relaxing)
 .debug_str     0x00096a9e     0x2b95 src/ASF/sam0/drivers/system/clock/clock_saml21/clock.o
                              0x9427f (size before relaxing)
 .debug_str     0x00099633      0x1e8 src/ASF/sam0/drivers/system/clock/clock_saml21/gclk.o
                              0x91a0b (size before relaxing)
 .debug_str     0x0009981b      0x179 src/ASF/sam0/drivers/system/pinmux/pinmux.o
                              0x91240 (size before relaxing)
 .debug_str     0x00099994       0x47 src/ASF/sam0/drivers/system/system.o
                              0x90dd0 (size before relaxing)
 .debug_str     0x000999db      0x3d1 src/ASF/sam0/utils/cmsis/saml21/source/gcc/startup_saml21.o
                              0x7bfac (size before relaxing)
 .debug_str     0x00099dac       0x2a src/ASF/sam0/utils/stdio/read.o
                              0x90ce7 (size before relaxing)
 .debug_str     0x00099dd6       0x24 src/ASF/sam0/utils/stdio/write.o
                              0x90ce8 (size before relaxing)
 .debug_str     0x00099dfa      0x762 src/ASF/sam0/utils/syscalls/gcc/syscalls.o
                               0x7383 (size before relaxing)
 .debug_str     0x0009a55c       0xed src/init/Debug_Serial_Init.o
                              0x960df (size before relaxing)
 .debug_str     0x0009a649       0x2e src/main.o
                              0x95806 (size before relaxing)

.debug_frame    0x00000000     0x1690
 .debug_frame   0x00000000       0xf0 src/aes/aes.o
 .debug_frame   0x000000f0       0x4c src/ASF/common/utils/interrupt/interrupt_sam_nvic.o
 .debug_frame   0x0000013c       0xb0 src/ASF/sam0/boards/saml21_xplained_pro/board_init.o
 .debug_frame   0x000001ec       0x70 src/ASF/sam0/drivers/port/port.o
 .debug_frame   0x0000025c       0xf8 src/ASF/sam0/drivers/sercom/sercom.o
 .debug_frame   0x00000354      0x190 src/ASF/sam0/drivers/sercom/usart/usart.o
 .debug_frame   0x000004e4      0x300 src/ASF/sam0/drivers/system/clock/clock_saml21/clock.o
 .debug_frame   0x000007e4      0x224 src/ASF/sam0/drivers/system/clock/clock_saml21/gclk.o
 .debug_frame   0x00000a08       0xd0 src/ASF/sam0/drivers/system/pinmux/pinmux.o
 .debug_frame   0x00000ad8       0x48 src/ASF/sam0/drivers/system/system.o
 .debug_frame   0x00000b20       0x4c src/ASF/sam0/utils/cmsis/saml21/source/gcc/startup_saml21.o
 .debug_frame   0x00000b6c       0x30 src/ASF/sam0/utils/stdio/read.o
 .debug_frame   0x00000b9c       0x30 src/ASF/sam0/utils/stdio/write.o
 .debug_frame   0x00000bcc      0x12c src/ASF/sam0/utils/syscalls/gcc/syscalls.o
 .debug_frame   0x00000cf8      0x130 src/init/Debug_Serial_Init.o
 .debug_frame   0x00000e28       0x30 src/main.o
 .debug_frame   0x00000e58       0x20 c:/program files (x86)/atmel/studio/7.0/toolchain/arm/arm-gnu-toolchain/bin/../lib/gcc/arm-none-eabi/6.3.1/thumb/v6-m\libgcc.a(_udivsi3.o)
 .debug_frame   0x00000e78       0x34 c:/program files (x86)/atmel/studio/7.0/toolchain/arm/arm-gnu-toolchain/bin/../lib/gcc/arm-none-eabi/6.3.1/thumb/v6-m\libgcc.a(_muldi3.o)
 .debug_frame   0x00000eac       0x2c c:/program files (x86)/atmel/studio/7.0/toolchain/arm/arm-gnu-toolchain/bin/../lib/gcc/arm-none-eabi/6.3.1/../../../../arm-none-eabi/lib/thumb/v6-m\libc_nano.a(lib_a-init.o)
 .debug_frame   0x00000ed8       0x20 c:/program files (x86)/atmel/studio/7.0/toolchain/arm/arm-gnu-toolchain/bin/../lib/gcc/arm-none-eabi/6.3.1/../../../../arm-none-eabi/lib/thumb/v6-m\libc_nano.a(lib_a-memset.o)
 .debug_frame   0x00000ef8       0x50 c:/program files (x86)/atmel/studio/7.0/toolchain/arm/arm-gnu-toolchain/bin/../lib/gcc/arm-none-eabi/6.3.1/../../../../arm-none-eabi/lib/thumb/v6-m\libc_nano.a(lib_a-printf.o)
 .debug_frame   0x00000f48       0x44 c:/program files (x86)/atmel/studio/7.0/toolchain/arm/arm-gnu-toolchain/bin/../lib/gcc/arm-none-eabi/6.3.1/../../../../arm-none-eabi/lib/thumb/v6-m\libc_nano.a(lib_a-puts.o)
 .debug_frame   0x00000f8c       0x28 c:/program files (x86)/atmel/studio/7.0/toolchain/arm/arm-gnu-toolchain/bin/../lib/gcc/arm-none-eabi/6.3.1/../../../../arm-none-eabi/lib/thumb/v6-m\libc_nano.a(lib_a-setbuf.o)
 .debug_frame   0x00000fb4       0x30 c:/program files (x86)/atmel/studio/7.0/toolchain/arm/arm-gnu-toolchain/bin/../lib/gcc/arm-none-eabi/6.3.1/../../../../arm-none-eabi/lib/thumb/v6-m\libc_nano.a(lib_a-setvbuf.o)
 .debug_frame   0x00000fe4       0x48 c:/program files (x86)/atmel/studio/7.0/toolchain/arm/arm-gnu-toolchain/bin/../lib/gcc/arm-none-eabi/6.3.1/../../../../arm-none-eabi/lib/thumb/v6-m\libc_nano.a(lib_a-wbuf.o)
 .debug_frame   0x0000102c       0x2c c:/program files (x86)/atmel/studio/7.0/toolchain/arm/arm-gnu-toolchain/bin/../lib/gcc/arm-none-eabi/6.3.1/../../../../arm-none-eabi/lib/thumb/v6-m\libc_nano.a(lib_a-wsetup.o)
 .debug_frame   0x00001058       0x68 c:/program files (x86)/atmel/studio/7.0/toolchain/arm/arm-gnu-toolchain/bin/../lib/gcc/arm-none-eabi/6.3.1/../../../../arm-none-eabi/lib/thumb/v6-m\libc_nano.a(lib_a-fflush.o)
 .debug_frame   0x000010c0      0x140 c:/program files (x86)/atmel/studio/7.0/toolchain/arm/arm-gnu-toolchain/bin/../lib/gcc/arm-none-eabi/6.3.1/../../../../arm-none-eabi/lib/thumb/v6-m\libc_nano.a(lib_a-findfp.o)
 .debug_frame   0x00001200       0x58 c:/program files (x86)/atmel/studio/7.0/toolchain/arm/arm-gnu-toolchain/bin/../lib/gcc/arm-none-eabi/6.3.1/../../../../arm-none-eabi/lib/thumb/v6-m\libc_nano.a(lib_a-fwalk.o)
 .debug_frame   0x00001258       0x54 c:/program files (x86)/atmel/studio/7.0/toolchain/arm/arm-gnu-toolchain/bin/../lib/gcc/arm-none-eabi/6.3.1/../../../../arm-none-eabi/lib/thumb/v6-m\libc_nano.a(lib_a-makebuf.o)
 .debug_frame   0x000012ac       0x40 c:/program files (x86)/atmel/studio/7.0/toolchain/arm/arm-gnu-toolchain/bin/../lib/gcc/arm-none-eabi/6.3.1/../../../../arm-none-eabi/lib/thumb/v6-m\libc_nano.a(lib_a-malloc.o)
 .debug_frame   0x000012ec       0x2c c:/program files (x86)/atmel/studio/7.0/toolchain/arm/arm-gnu-toolchain/bin/../lib/gcc/arm-none-eabi/6.3.1/../../../../arm-none-eabi/lib/thumb/v6-m\libc_nano.a(lib_a-nano-freer.o)
 .debug_frame   0x00001318       0x2c c:/program files (x86)/atmel/studio/7.0/toolchain/arm/arm-gnu-toolchain/bin/../lib/gcc/arm-none-eabi/6.3.1/../../../../arm-none-eabi/lib/thumb/v6-m\libc_nano.a(lib_a-nano-mallocr.o)
 .debug_frame   0x00001344       0x9c c:/program files (x86)/atmel/studio/7.0/toolchain/arm/arm-gnu-toolchain/bin/../lib/gcc/arm-none-eabi/6.3.1/../../../../arm-none-eabi/lib/thumb/v6-m\libc_nano.a(lib_a-nano-vfprintf.o)
 .debug_frame   0x000013e0       0x54 c:/program files (x86)/atmel/studio/7.0/toolchain/arm/arm-gnu-toolchain/bin/../lib/gcc/arm-none-eabi/6.3.1/../../../../arm-none-eabi/lib/thumb/v6-m\libc_nano.a(lib_a-nano-vfprintf_i.o)
 .debug_frame   0x00001434       0x2c c:/program files (x86)/atmel/studio/7.0/toolchain/arm/arm-gnu-toolchain/bin/../lib/gcc/arm-none-eabi/6.3.1/../../../../arm-none-eabi/lib/thumb/v6-m\libc_nano.a(lib_a-sbrkr.o)
 .debug_frame   0x00001460       0x90 c:/program files (x86)/atmel/studio/7.0/toolchain/arm/arm-gnu-toolchain/bin/../lib/gcc/arm-none-eabi/6.3.1/../../../../arm-none-eabi/lib/thumb/v6-m\libc_nano.a(lib_a-stdio.o)
 .debug_frame   0x000014f0       0x2c c:/program files (x86)/atmel/studio/7.0/toolchain/arm/arm-gnu-toolchain/bin/../lib/gcc/arm-none-eabi/6.3.1/../../../../arm-none-eabi/lib/thumb/v6-m\libc_nano.a(lib_a-writer.o)
 .debug_frame   0x0000151c       0x2c c:/program files (x86)/atmel/studio/7.0/toolchain/arm/arm-gnu-toolchain/bin/../lib/gcc/arm-none-eabi/6.3.1/../../../../arm-none-eabi/lib/thumb/v6-m\libc_nano.a(lib_a-closer.o)
 .debug_frame   0x00001548       0x2c c:/program files (x86)/atmel/studio/7.0/toolchain/arm/arm-gnu-toolchain/bin/../lib/gcc/arm-none-eabi/6.3.1/../../../../arm-none-eabi/lib/thumb/v6-m\libc_nano.a(lib_a-fstatr.o)
 .debug_frame   0x00001574       0x2c c:/program files (x86)/atmel/studio/7.0/toolchain/arm/arm-gnu-toolchain/bin/../lib/gcc/arm-none-eabi/6.3.1/../../../../arm-none-eabi/lib/thumb/v6-m\libc_nano.a(lib_a-isattyr.o)
 .debug_frame   0x000015a0       0x2c c:/program files (x86)/atmel/studio/7.0/toolchain/arm/arm-gnu-toolchain/bin/../lib/gcc/arm-none-eabi/6.3.1/../../../../arm-none-eabi/lib/thumb/v6-m\libc_nano.a(lib_a-lseekr.o)
 .debug_frame   0x000015cc       0x20 c:/program files (x86)/atmel/studio/7.0/toolchain/arm/arm-gnu-toolchain/bin/../lib/gcc/arm-none-eabi/6.3.1/../../../../arm-none-eabi/lib/thumb/v6-m\libc_nano.a(lib_a-memchr-stub.o)
 .debug_frame   0x000015ec       0x30 c:/program files (x86)/atmel/studio/7.0/toolchain/arm/arm-gnu-toolchain/bin/../lib/gcc/arm-none-eabi/6.3.1/../../../../arm-none-eabi/lib/thumb/v6-m\libc_nano.a(lib_a-mlock.o)
 .debug_frame   0x0000161c       0x2c c:/program files (x86)/atmel/studio/7.0/toolchain/arm/arm-gnu-toolchain/bin/../lib/gcc/arm-none-eabi/6.3.1/../../../../arm-none-eabi/lib/thumb/v6-m\libc_nano.a(lib_a-readr.o)
 .debug_frame   0x00001648       0x48 c:/program files (x86)/atmel/studio/7.0/toolchain/arm/arm-gnu-toolchain/bin/../lib/gcc/arm-none-eabi/6.3.1/../../../../arm-none-eabi/lib/thumb/v6-m\libc_nano.a(lib_a-reent.o)

Cross Reference Table

Symbol                                            File
AC_Handler                                        src/ASF/sam0/utils/cmsis/saml21/source/gcc/startup_saml21.o
ADC_Handler                                       src/ASF/sam0/utils/cmsis/saml21/source/gcc/startup_saml21.o
AES_Handler                                       src/ASF/sam0/utils/cmsis/saml21/source/gcc/startup_saml21.o
DAC_Handler                                       src/ASF/sam0/utils/cmsis/saml21/source/gcc/startup_saml21.o
DMAC_Handler                                      src/ASF/sam0/utils/cmsis/saml21/source/gcc/startup_saml21.o
Dummy_Handler                                     src/ASF/sam0/utils/cmsis/saml21/source/gcc/startup_saml21.o
EIC_Handler                                       src/ASF/sam0/utils/cmsis/saml21/source/gcc/startup_saml21.o
EVSYS_Handler                                     src/ASF/sam0/utils/cmsis/saml21/source/gcc/startup_saml21.o
HardFault_Handler                                 src/ASF/sam0/utils/cmsis/saml21/source/gcc/startup_saml21.o
NMI_Handler                                       src/ASF/sam0/utils/cmsis/saml21/source/gcc/startup_saml21.o
NVMCTRL_Handler                                   src/ASF/sam0/utils/cmsis/saml21/source/gcc/startup_saml21.o
PTC_Handler                                       src/ASF/sam0/utils/cmsis/saml21/source/gcc/startup_saml21.o
PendSV_Handler                                    src/ASF/sam0/utils/cmsis/saml21/source/gcc/startup_saml21.o
RTC_Handler                                       src/ASF/sam0/utils/cmsis/saml21/source/gcc/startup_saml21.o
Reset_Handler                                     src/ASF/sam0/utils/cmsis/saml21/source/gcc/startup_saml21.o
SERCOM0_Handler                                   src/ASF/sam0/utils/cmsis/saml21/source/gcc/startup_saml21.o
SERCOM1_Handler                                   src/ASF/sam0/utils/cmsis/saml21/source/gcc/startup_saml21.o
SERCOM2_Handler                                   src/ASF/sam0/utils/cmsis/saml21/source/gcc/startup_saml21.o
SERCOM3_Handler                                   src/ASF/sam0/utils/cmsis/saml21/source/gcc/startup_saml21.o
SERCOM4_Handler                                   src/ASF/sam0/utils/cmsis/saml21/source/gcc/startup_saml21.o
SERCOM5_Handler                                   src/ASF/sam0/utils/cmsis/saml21/source/gcc/startup_saml21.o
SVC_Handler                                       src/ASF/sam0/utils/cmsis/saml21/source/gcc/startup_saml21.o
SYSTEM_Handler                                    src/ASF/sam0/utils/cmsis/saml21/source/gcc/startup_saml21.o
SysTick_Handler                                   src/ASF/sam0/utils/cmsis/saml21/source/gcc/startup_saml21.o
SystemCoreClock                                   src/ASF/sam0/utils/cmsis/saml21/source/system_saml21.o
SystemCoreClockUpdate                             src/ASF/sam0/utils/cmsis/saml21/source/system_saml21.o
SystemInit                                        src/ASF/sam0/utils/cmsis/saml21/source/system_saml21.o
TC0_Handler                                       src/ASF/sam0/utils/cmsis/saml21/source/gcc/startup_saml21.o
TC1_Handler                                       src/ASF/sam0/utils/cmsis/saml21/source/gcc/startup_saml21.o
TC2_Handler                                       src/ASF/sam0/utils/cmsis/saml21/source/gcc/startup_saml21.o
TC3_Handler                                       src/ASF/sam0/utils/cmsis/saml21/source/gcc/startup_saml21.o
TC4_Handler                                       src/ASF/sam0/utils/cmsis/saml21/source/gcc/startup_saml21.o
TCC0_Handler                                      src/ASF/sam0/utils/cmsis/saml21/source/gcc/startup_saml21.o
TCC1_Handler                                      src/ASF/sam0/utils/cmsis/saml21/source/gcc/startup_saml21.o
TCC2_Handler                                      src/ASF/sam0/utils/cmsis/saml21/source/gcc/startup_saml21.o
TRNG_Handler                                      src/ASF/sam0/utils/cmsis/saml21/source/gcc/startup_saml21.o
USB_Handler                                       src/ASF/sam0/utils/cmsis/saml21/source/gcc/startup_saml21.o
WDT_Handler                                       src/ASF/sam0/utils/cmsis/saml21/source/gcc/startup_saml21.o
_Jv_RegisterClasses                               c:/program files (x86)/atmel/studio/7.0/toolchain/arm/arm-gnu-toolchain/bin/../lib/gcc/arm-none-eabi/6.3.1/thumb/v6-m/crtbegin.o
__aeabi_idiv                                      c:/program files (x86)/atmel/studio/7.0/toolchain/arm/arm-gnu-toolchain/bin/../lib/gcc/arm-none-eabi/6.3.1/thumb/v6-m\libgcc.a(_divsi3.o)
                                                  c:/program files (x86)/atmel/studio/7.0/toolchain/arm/arm-gnu-toolchain/bin/../lib/gcc/arm-none-eabi/6.3.1/../../../../arm-none-eabi/lib/thumb/v6-m\libc_nano.a(lib_a-fvwrite.o)
__aeabi_idiv0                                     c:/program files (x86)/atmel/studio/7.0/toolchain/arm/arm-gnu-toolchain/bin/../lib/gcc/arm-none-eabi/6.3.1/thumb/v6-m\libgcc.a(_dvmd_tls.o)
                                                  c:/program files (x86)/atmel/studio/7.0/toolchain/arm/arm-gnu-toolchain/bin/../lib/gcc/arm-none-eabi/6.3.1/thumb/v6-m\libgcc.a(_divsi3.o)
                                                  c:/program files (x86)/atmel/studio/7.0/toolchain/arm/arm-gnu-toolchain/bin/../lib/gcc/arm-none-eabi/6.3.1/thumb/v6-m\libgcc.a(_udivsi3.o)
__aeabi_idivmod                                   c:/program files (x86)/atmel/studio/7.0/toolchain/arm/arm-gnu-toolchain/bin/../lib/gcc/arm-none-eabi/6.3.1/thumb/v6-m\libgcc.a(_divsi3.o)
__aeabi_ldiv0                                     c:/program files (x86)/atmel/studio/7.0/toolchain/arm/arm-gnu-toolchain/bin/../lib/gcc/arm-none-eabi/6.3.1/thumb/v6-m\libgcc.a(_dvmd_tls.o)
__aeabi_lmul                                      c:/program files (x86)/atmel/studio/7.0/toolchain/arm/arm-gnu-toolchain/bin/../lib/gcc/arm-none-eabi/6.3.1/thumb/v6-m\libgcc.a(_muldi3.o)
                                                  src/ASF/sam0/drivers/sercom/sercom.o
__aeabi_uidiv                                     c:/program files (x86)/atmel/studio/7.0/toolchain/arm/arm-gnu-toolchain/bin/../lib/gcc/arm-none-eabi/6.3.1/thumb/v6-m\libgcc.a(_udivsi3.o)
                                                  c:/program files (x86)/atmel/studio/7.0/toolchain/arm/arm-gnu-toolchain/bin/../lib/gcc/arm-none-eabi/6.3.1/../../../../arm-none-eabi/lib/thumb/v6-m\libc_nano.a(lib_a-nano-vfprintf_i.o)
                                                  src/ASF/sam0/drivers/system/clock/clock_saml21/gclk.o
                                                  src/ASF/sam0/drivers/system/clock/clock_saml21/clock.o
                                                  src/ASF/common2/services/delay/sam0/systick_counter.o
__aeabi_uidivmod                                  c:/program files (x86)/atmel/studio/7.0/toolchain/arm/arm-gnu-toolchain/bin/../lib/gcc/arm-none-eabi/6.3.1/thumb/v6-m\libgcc.a(_udivsi3.o)
                                                  c:/program files (x86)/atmel/studio/7.0/toolchain/arm/arm-gnu-toolchain/bin/../lib/gcc/arm-none-eabi/6.3.1/../../../../arm-none-eabi/lib/thumb/v6-m\libc_nano.a(lib_a-nano-vfprintf_i.o)
__bss_end__                                       c:/program files (x86)/atmel/studio/7.0/toolchain/arm/arm-gnu-toolchain/bin/../lib/gcc/arm-none-eabi/6.3.1/../../../../arm-none-eabi/lib/thumb/v6-m/crt0.o
__bss_start__                                     c:/program files (x86)/atmel/studio/7.0/toolchain/arm/arm-gnu-toolchain/bin/../lib/gcc/arm-none-eabi/6.3.1/../../../../arm-none-eabi/lib/thumb/v6-m/crt0.o
__call_exitprocs                                  c:/program files (x86)/atmel/studio/7.0/toolchain/arm/arm-gnu-toolchain/bin/../lib/gcc/arm-none-eabi/6.3.1/../../../../arm-none-eabi/lib/thumb/v6-m\libc_nano.a(lib_a-exit.o)
__deregister_frame_info                           c:/program files (x86)/atmel/studio/7.0/toolchain/arm/arm-gnu-toolchain/bin/../lib/gcc/arm-none-eabi/6.3.1/thumb/v6-m/crtbegin.o
__divsi3                                          c:/program files (x86)/atmel/studio/7.0/toolchain/arm/arm-gnu-toolchain/bin/../lib/gcc/arm-none-eabi/6.3.1/thumb/v6-m\libgcc.a(_divsi3.o)
__dso_handle                                      c:/program files (x86)/atmel/studio/7.0/toolchain/arm/arm-gnu-toolchain/bin/../lib/gcc/arm-none-eabi/6.3.1/thumb/v6-m/crtbegin.o
__fp_lock_all                                     c:/program files (x86)/atmel/studio/7.0/toolchain/arm/arm-gnu-toolchain/bin/../lib/gcc/arm-none-eabi/6.3.1/../../../../arm-none-eabi/lib/thumb/v6-m\libc_nano.a(lib_a-findfp.o)
__fp_unlock_all                                   c:/program files (x86)/atmel/studio/7.0/toolchain/arm/arm-gnu-toolchain/bin/../lib/gcc/arm-none-eabi/6.3.1/../../../../arm-none-eabi/lib/thumb/v6-m\libc_nano.a(lib_a-findfp.o)
__init_array_end                                  c:/program files (x86)/atmel/studio/7.0/toolchain/arm/arm-gnu-toolchain/bin/../lib/gcc/arm-none-eabi/6.3.1/../../../../arm-none-eabi/lib/thumb/v6-m\libc_nano.a(lib_a-init.o)
__init_array_start                                c:/program files (x86)/atmel/studio/7.0/toolchain/arm/arm-gnu-toolchain/bin/../lib/gcc/arm-none-eabi/6.3.1/../../../../arm-none-eabi/lib/thumb/v6-m\libc_nano.a(lib_a-init.o)
__libc_fini_array                                 c:/program files (x86)/atmel/studio/7.0/toolchain/arm/arm-gnu-toolchain/bin/../lib/gcc/arm-none-eabi/6.3.1/../../../../arm-none-eabi/lib/thumb/v6-m/crt0.o
__libc_init_array                                 c:/program files (x86)/atmel/studio/7.0/toolchain/arm/arm-gnu-toolchain/bin/../lib/gcc/arm-none-eabi/6.3.1/../../../../arm-none-eabi/lib/thumb/v6-m\libc_nano.a(lib_a-init.o)
                                                  src/ASF/sam0/utils/cmsis/saml21/source/gcc/startup_saml21.o
                                                  c:/program files (x86)/atmel/studio/7.0/toolchain/arm/arm-gnu-toolchain/bin/../lib/gcc/arm-none-eabi/6.3.1/../../../../arm-none-eabi/lib/thumb/v6-m/crt0.o
__malloc_free_list                                c:/program files (x86)/atmel/studio/7.0/toolchain/arm/arm-gnu-toolchain/bin/../lib/gcc/arm-none-eabi/6.3.1/../../../../arm-none-eabi/lib/thumb/v6-m\libc_nano.a(lib_a-nano-mallocr.o)
                                                  c:/program files (x86)/atmel/studio/7.0/toolchain/arm/arm-gnu-toolchain/bin/../lib/gcc/arm-none-eabi/6.3.1/../../../../arm-none-eabi/lib/thumb/v6-m\libc_nano.a(lib_a-nano-freer.o)
__malloc_lock                                     c:/program files (x86)/atmel/studio/7.0/toolchain/arm/arm-gnu-toolchain/bin/../lib/gcc/arm-none-eabi/6.3.1/../../../../arm-none-eabi/lib/thumb/v6-m\libc_nano.a(lib_a-mlock.o)
                                                  c:/program files (x86)/atmel/studio/7.0/toolchain/arm/arm-gnu-toolchain/bin/../lib/gcc/arm-none-eabi/6.3.1/../../../../arm-none-eabi/lib/thumb/v6-m\libc_nano.a(lib_a-nano-mallocr.o)
                                                  c:/program files (x86)/atmel/studio/7.0/toolchain/arm/arm-gnu-toolchain/bin/../lib/gcc/arm-none-eabi/6.3.1/../../../../arm-none-eabi/lib/thumb/v6-m\libc_nano.a(lib_a-nano-freer.o)
__malloc_sbrk_start                               c:/program files (x86)/atmel/studio/7.0/toolchain/arm/arm-gnu-toolchain/bin/../lib/gcc/arm-none-eabi/6.3.1/../../../../arm-none-eabi/lib/thumb/v6-m\libc_nano.a(lib_a-nano-mallocr.o)
__malloc_unlock                                   c:/program files (x86)/atmel/studio/7.0/toolchain/arm/arm-gnu-toolchain/bin/../lib/gcc/arm-none-eabi/6.3.1/../../../../arm-none-eabi/lib/thumb/v6-m\libc_nano.a(lib_a-mlock.o)
                                                  c:/program files (x86)/atmel/studio/7.0/toolchain/arm/arm-gnu-toolchain/bin/../lib/gcc/arm-none-eabi/6.3.1/../../../../arm-none-eabi/lib/thumb/v6-m\libc_nano.a(lib_a-nano-mallocr.o)
                                                  c:/program files (x86)/atmel/studio/7.0/toolchain/arm/arm-gnu-toolchain/bin/../lib/gcc/arm-none-eabi/6.3.1/../../../../arm-none-eabi/lib/thumb/v6-m\libc_nano.a(lib_a-nano-freer.o)
__muldi3                                          c:/program files (x86)/atmel/studio/7.0/toolchain/arm/arm-gnu-toolchain/bin/../lib/gcc/arm-none-eabi/6.3.1/thumb/v6-m\libgcc.a(_muldi3.o)
__preinit_array_end                               c:/program files (x86)/atmel/studio/7.0/toolchain/arm/arm-gnu-toolchain/bin/../lib/gcc/arm-none-eabi/6.3.1/../../../../arm-none-eabi/lib/thumb/v6-m\libc_nano.a(lib_a-init.o)
__preinit_array_start                             c:/program files (x86)/atmel/studio/7.0/toolchain/arm/arm-gnu-toolchain/bin/../lib/gcc/arm-none-eabi/6.3.1/../../../../arm-none-eabi/lib/thumb/v6-m\libc_nano.a(lib_a-init.o)
__register_frame_info                             c:/program files (x86)/atmel/studio/7.0/toolchain/arm/arm-gnu-toolchain/bin/../lib/gcc/arm-none-eabi/6.3.1/thumb/v6-m/crtbegin.o
__sclose                                          c:/program files (x86)/atmel/studio/7.0/toolchain/arm/arm-gnu-toolchain/bin/../lib/gcc/arm-none-eabi/6.3.1/../../../../arm-none-eabi/lib/thumb/v6-m\libc_nano.a(lib_a-stdio.o)
                                                  c:/program files (x86)/atmel/studio/7.0/toolchain/arm/arm-gnu-toolchain/bin/../lib/gcc/arm-none-eabi/6.3.1/../../../../arm-none-eabi/lib/thumb/v6-m\libc_nano.a(lib_a-findfp.o)
__seofread                                        c:/program files (x86)/atmel/studio/7.0/toolchain/arm/arm-gnu-toolchain/bin/../lib/gcc/arm-none-eabi/6.3.1/../../../../arm-none-eabi/lib/thumb/v6-m\libc_nano.a(lib_a-stdio.o)
__sf_fake_stderr                                  c:/program files (x86)/atmel/studio/7.0/toolchain/arm/arm-gnu-toolchain/bin/../lib/gcc/arm-none-eabi/6.3.1/../../../../arm-none-eabi/lib/thumb/v6-m\libc_nano.a(lib_a-findfp.o)
                                                  c:/program files (x86)/atmel/studio/7.0/toolchain/arm/arm-gnu-toolchain/bin/../lib/gcc/arm-none-eabi/6.3.1/../../../../arm-none-eabi/lib/thumb/v6-m\libc_nano.a(lib_a-nano-vfprintf.o)
                                                  c:/program files (x86)/atmel/studio/7.0/toolchain/arm/arm-gnu-toolchain/bin/../lib/gcc/arm-none-eabi/6.3.1/../../../../arm-none-eabi/lib/thumb/v6-m\libc_nano.a(lib_a-fflush.o)
                                                  c:/program files (x86)/atmel/studio/7.0/toolchain/arm/arm-gnu-toolchain/bin/../lib/gcc/arm-none-eabi/6.3.1/../../../../arm-none-eabi/lib/thumb/v6-m\libc_nano.a(lib_a-wsetup.o)
                                                  c:/program files (x86)/atmel/studio/7.0/toolchain/arm/arm-gnu-toolchain/bin/../lib/gcc/arm-none-eabi/6.3.1/../../../../arm-none-eabi/lib/thumb/v6-m\libc_nano.a(lib_a-wbuf.o)
                                                  c:/program files (x86)/atmel/studio/7.0/toolchain/arm/arm-gnu-toolchain/bin/../lib/gcc/arm-none-eabi/6.3.1/../../../../arm-none-eabi/lib/thumb/v6-m\libc_nano.a(lib_a-setvbuf.o)
                                                  c:/program files (x86)/atmel/studio/7.0/toolchain/arm/arm-gnu-toolchain/bin/../lib/gcc/arm-none-eabi/6.3.1/../../../../arm-none-eabi/lib/thumb/v6-m\libc_nano.a(lib_a-puts.o)
                                                  c:/program files (x86)/atmel/studio/7.0/toolchain/arm/arm-gnu-toolchain/bin/../lib/gcc/arm-none-eabi/6.3.1/../../../../arm-none-eabi/lib/thumb/v6-m\libc_nano.a(lib_a-impure.o)
__sf_fake_stdin                                   c:/program files (x86)/atmel/studio/7.0/toolchain/arm/arm-gnu-toolchain/bin/../lib/gcc/arm-none-eabi/6.3.1/../../../../arm-none-eabi/lib/thumb/v6-m\libc_nano.a(lib_a-findfp.o)
                                                  c:/program files (x86)/atmel/studio/7.0/toolchain/arm/arm-gnu-toolchain/bin/../lib/gcc/arm-none-eabi/6.3.1/../../../../arm-none-eabi/lib/thumb/v6-m\libc_nano.a(lib_a-nano-vfprintf.o)
                                                  c:/program files (x86)/atmel/studio/7.0/toolchain/arm/arm-gnu-toolchain/bin/../lib/gcc/arm-none-eabi/6.3.1/../../../../arm-none-eabi/lib/thumb/v6-m\libc_nano.a(lib_a-fflush.o)
                                                  c:/program files (x86)/atmel/studio/7.0/toolchain/arm/arm-gnu-toolchain/bin/../lib/gcc/arm-none-eabi/6.3.1/../../../../arm-none-eabi/lib/thumb/v6-m\libc_nano.a(lib_a-wsetup.o)